Component: ARM Compiler 5.06 update 5 (build 528) Tool: armlink [4d35e2]

==============================================================================

Section Cross References

    main.o(i.Setup_CPU_Clock) refers to mdr32f9qx_rst_clk.o(i.RST_CLK_HSEconfig) for RST_CLK_HSEconfig
    main.o(i.Setup_CPU_Clock) refers to mdr32f9qx_rst_clk.o(i.RST_CLK_HSEstatus) for RST_CLK_HSEstatus
    main.o(i.Setup_CPU_Clock) refers to mdr32f9qx_rst_clk.o(i.RST_CLK_CPU_PLLconfig) for RST_CLK_CPU_PLLconfig
    main.o(i.Setup_CPU_Clock) refers to mdr32f9qx_rst_clk.o(i.RST_CLK_CPU_PLLcmd) for RST_CLK_CPU_PLLcmd
    main.o(i.Setup_CPU_Clock) refers to mdr32f9qx_rst_clk.o(i.RST_CLK_CPU_PLLstatus) for RST_CLK_CPU_PLLstatus
    main.o(i.Setup_CPU_Clock) refers to mdr32f9qx_rst_clk.o(i.RST_CLK_CPUclkPrescaler) for RST_CLK_CPUclkPrescaler
    main.o(i.Setup_CPU_Clock) refers to mdr32f9qx_rst_clk.o(i.RST_CLK_CPU_PLLuse) for RST_CLK_CPU_PLLuse
    main.o(i.Setup_CPU_Clock) refers to mdr32f9qx_rst_clk.o(i.RST_CLK_CPUclkSelection) for RST_CLK_CPUclkSelection
    main.o(i.Setup_USB) refers to mdr32f9qx_rst_clk.o(i.RST_CLK_PCLKcmd) for RST_CLK_PCLKcmd
    main.o(i.Setup_USB) refers to mdr32f9qx_usb_device.o(i.USB_DeviceInit) for USB_DeviceInit
    main.o(i.Setup_USB) refers to mdr32f9qx_usb.o(i.USB_SetSIM) for USB_SetSIM
    main.o(i.Setup_USB) refers to mdr32f9qx_usb_device.o(i.USB_DevicePowerOn) for USB_DevicePowerOn
    main.o(i.Setup_USB) refers to mdr32f9qx_usb_cdc.o(i.USB_CDC_Reset) for USB_CDC_Reset
    main.o(i.Setup_USB) refers to main.o(.data) for USB_Clock_InitStruct
    main.o(i.Setup_USB) refers to main.o(.bss) for USB_DeviceBUSParam
    main.o(i.USB_CDC_GetLineCoding) refers to main.o(.data) for LineCoding
    main.o(i.USB_CDC_RecieveData) refers to main.o(i.image) for image
    main.o(i.USB_CDC_SetLineCoding) refers to main.o(.data) for LineCoding
    main.o(i.VCom_Configuration) refers to main.o(.data) for LineCoding
    main.o(i.image) refers to _printf_percent.o(.ARM.Collect$$_printf_percent$$00000000) for _printf_percent
    main.o(i.image) refers to _printf_d.o(.ARM.Collect$$_printf_percent$$00000009) for _printf_d
    main.o(i.image) refers to _printf_dec.o(.text) for _printf_int_dec
    main.o(i.image) refers to _printf_f.o(.ARM.Collect$$_printf_percent$$00000003) for _printf_f
    main.o(i.image) refers to printf1.o(x$fpl$printf1) for _printf_fp_dec
    main.o(i.image) refers to noretval__2sprintf.o(.text) for __2sprintf
    main.o(i.image) refers to lcd.o(i.LCD_PutString) for LCD_PutString
    main.o(i.image) refers to dflt_clz.o(x$fpl$dflt) for __aeabi_i2d
    main.o(i.image) refers to ddiv.o(x$fpl$ddiv) for __aeabi_ddiv
    main.o(i.image) refers to image.o(i.erosion) for erosion
    main.o(i.image) refers to mdr32f9qx_usb_cdc.o(i.USB_CDC_SendData) for USB_CDC_SendData
    main.o(i.image) refers to main.o(.data) for line
    main.o(i.image) refers to main.o(.bss) for inbuf
    main.o(i.main) refers to lcd.o(i.LCD_Init) for LCD_Init
    main.o(i.main) refers to lcd.o(i.LCD_ClearScreen) for LCD_ClearScreen
    main.o(i.main) refers to lcd.o(i.LCD_PutString) for LCD_PutString
    main.o(i.main) refers to main.o(i.VCom_Configuration) for VCom_Configuration
    main.o(i.main) refers to mdr32f9qx_usb_cdc.o(i.USB_CDC_Init) for USB_CDC_Init
    main.o(i.main) refers to main.o(i.Setup_CPU_Clock) for Setup_CPU_Clock
    main.o(i.main) refers to main.o(i.Setup_USB) for Setup_USB
    main.o(i.main) refers to main.o(.bss) for Buffer
    image.o(i.arotate) refers to f2d.o(x$fpl$f2d) for __aeabi_f2d
    image.o(i.arotate) refers to ddiv.o(x$fpl$ddiv) for __aeabi_ddiv
    image.o(i.arotate) refers to d2f.o(x$fpl$d2f) for __aeabi_d2f
    image.o(i.arotate) refers to cos.o(i.cos) for cos
    image.o(i.arotate) refers to sin.o(i.sin) for sin
    image.o(i.arotate) refers to fflt_clz.o(x$fpl$fflt) for __aeabi_i2f
    image.o(i.arotate) refers to fmul.o(x$fpl$fmul) for __aeabi_fmul
    image.o(i.arotate) refers to faddsub_clz.o(x$fpl$fsub) for __aeabi_fsub
    image.o(i.arotate) refers to faddsub_clz.o(x$fpl$fadd) for __aeabi_fadd
    image.o(i.arotate) refers to ffix.o(x$fpl$ffix) for __aeabi_f2iz
    image.o(i.arotate) refers to image.o(i.bilinear_interpolate) for bilinear_interpolate
    image.o(i.bilinear_interpolate) refers to f2d.o(x$fpl$f2d) for __aeabi_f2d
    image.o(i.bilinear_interpolate) refers to dleqf.o(x$fpl$dleqf) for __aeabi_cdcmple
    image.o(i.bilinear_interpolate) refers to fflt_clz.o(x$fpl$fflt) for __aeabi_i2f
    image.o(i.bilinear_interpolate) refers to fleqf.o(x$fpl$fleqf) for __aeabi_cfcmple
    image.o(i.bilinear_interpolate) refers to floor.o(i.floor) for floor
    image.o(i.bilinear_interpolate) refers to dfix.o(x$fpl$dfix) for __aeabi_d2iz
    image.o(i.bilinear_interpolate) refers to ceil.o(i.ceil) for ceil
    image.o(i.bilinear_interpolate) refers to faddsub_clz.o(x$fpl$frsb) for __aeabi_frsub
[...]
    Removing mdr32f9qx_usb_device.o(i.USB_DeviceDummyVendorRequest), (4 bytes).
    Removing mdr32f9qx_usb_device.o(i.USB_DevicePowerOff), (24 bytes).
    Removing mdr32f9qx_usb_device.o(i.USB_DeviceResume), (4 bytes).
    Removing mdr32f9qx_usb_device.o(i.USB_DeviceSuspend), (4 bytes).
    Removing mdr32f9qx_usb_device.o(i.USB_EP_Reset), (44 bytes).

111 unused section(s) (total 5562 bytes) removed from the image.

==============================================================================

Image Symbol Table

    Local Symbols

    Symbol Name                              Value     Ov Type        Size  Object(Section)

    ../clib/angel/boardlib.s                 0x00000000   Number         0  boardshut.o ABSOLUTE
    ../clib/angel/boardlib.s                 0x00000000   Number         0  boardinit3.o ABSOLUTE
    ../clib/angel/boardlib.s                 0x00000000   Number         0  boardinit2.o ABSOLUTE
    ../clib/angel/boardlib.s                 0x00000000   Number         0  boardinit1.o ABSOLUTE
    ../clib/angel/handlers.s                 0x00000000   Number         0  __scatter_zi.o ABSOLUTE
    ../clib/angel/handlers.s                 0x00000000   Number         0  __scatter_copy.o ABSOLUTE
    ../clib/angel/kernel.s                   0x00000000   Number         0  rtexit2.o ABSOLUTE
    ../clib/angel/kernel.s                   0x00000000   Number         0  __rtentry2.o ABSOLUTE
    ../clib/angel/kernel.s                   0x00000000   Number         0  __rtentry.o ABSOLUTE
    ../clib/angel/kernel.s                   0x00000000   Number         0  rtexit.o ABSOLUTE
    ../clib/angel/kernel.s                   0x00000000   Number         0  __rtentry4.o ABSOLUTE
    ../clib/angel/rt.s                       0x00000000   Number         0  rt_locale_intlibspace.o ABSOLUTE
    ../clib/angel/rt.s                       0x00000000   Number         0  rt_raise.o ABSOLUTE
    ../clib/angel/rt.s                       0x00000000   Number         0  rt_errno_addr_intlibspace.o ABSOLUTE
    ../clib/angel/rt.s                       0x00000000   Number         0  rt_errno_addr.o ABSOLUTE
    ../clib/angel/rt.s                       0x00000000   Number         0  rt_locale.o ABSOLUTE
    ../clib/angel/scatter.s                  0x00000000   Number         0  __scatter.o ABSOLUTE
    ../clib/angel/startup.s                  0x00000000   Number         0  __main.o ABSOLUTE
    ../clib/angel/sys.s                      0x00000000   Number         0  sys_stackheap_outer.o ABSOLUTE
    ../clib/angel/sys.s                      0x00000000   Number         0  use_no_semi.o ABSOLUTE
    ../clib/angel/sys.s                      0x00000000   Number         0  indicate_semi.o ABSOLUTE
    ../clib/angel/sys.s                      0x00000000   Number         0  libspace.o ABSOLUTE
    ../clib/angel/sysapp.c                   0x00000000   Number         0  sys_exit.o ABSOLUTE
    ../clib/angel/sysapp.c                   0x00000000   Number         0  sys_wrch.o ABSOLUTE
    ../clib/angel/sysapp.c                   0x00000000   Number         0  sys_command.o ABSOLUTE
    ../clib/armsys.c                         0x00000000   Number         0  argv_veneer.o ABSOLUTE
    ../clib/armsys.c                         0x00000000   Number         0  _get_argv_nomalloc.o ABSOLUTE
    ../clib/armsys.c                         0x00000000   Number         0  no_argv.o ABSOLUTE
    ../clib/armsys.c                         0x00000000   Number         0  argv_veneer.o ABSOLUTE
    ../clib/bigflt.c                         0x00000000   Number         0  bigflt0.o ABSOLUTE
    ../clib/btod.s                           0x00000000   Number         0  btod.o ABSOLUTE
    ../clib/fenv.c                           0x00000000   Number         0  _rserrno.o ABSOLUTE
    ../clib/heapalloc.c                      0x00000000   Number         0  hrguard.o ABSOLUTE
    ../clib/heapaux.c                        0x00000000   Number         0  heapauxi.o ABSOLUTE
    ../clib/libinit.s                        0x00000000   Number         0  libinit.o ABSOLUTE
    ../clib/libinit.s                        0x00000000   Number         0  libinit2.o ABSOLUTE
    ../clib/libinit.s                        0x00000000   Number         0  libshutdown.o ABSOLUTE
    ../clib/libinit.s                        0x00000000   Number         0  libshutdown2.o ABSOLUTE
    ../clib/locale.s                         0x00000000   Number         0  lc_numeric_c.o ABSOLUTE
    ../clib/longlong.s                       0x00000000   Number         0  lludiv10.o ABSOLUTE
    ../clib/memcpset.s                       0x00000000   Number         0  strcmpv7m.o ABSOLUTE
    ../clib/misc.s                           0x00000000   Number         0  printf_stubs.o ABSOLUTE
    ../clib/printf.c                         0x00000000   Number         0  __printf.o ABSOLUTE
    ../clib/printf.c                         0x00000000   Number         0  __printf_flags_wp.o ABSOLUTE
    ../clib/printf.c                         0x00000000   Number         0  __printf_nopercent.o ABSOLUTE
    ../clib/printf.c                         0x00000000   Number         0  _printf_dec.o ABSOLUTE
    ../clib/printf.c                         0x00000000   Number         0  _printf_intcommon.o ABSOLUTE
    ../clib/printf.c                         0x00000000   Number         0  _printf_fp_infnan.o ABSOLUTE
    ../clib/printf.c                         0x00000000   Number         0  __printf_flags.o ABSOLUTE
    ../clib/printf.c                         0x00000000   Number         0  __printf_ss.o ABSOLUTE
    ../clib/printf.c                         0x00000000   Number         0  __printf_flags_ss.o ABSOLUTE
    ../clib/printf.c                         0x00000000   Number         0  _printf_fp_dec.o ABSOLUTE
    ../clib/printf.c                         0x00000000   Number         0  __printf_wp.o ABSOLUTE
    ../clib/printf.c                         0x00000000   Number         0  __printf_ss_wp.o ABSOLUTE
    ../clib/printf.c                         0x00000000   Number         0  __printf_flags_ss_wp.o ABSOLUTE
    ../clib/printf.c                         0x00000000   Number         0  _sputc.o ABSOLUTE
    ../clib/printf.c                         0x00000000   Number         0  _printf_char_common.o ABSOLUTE
    ../clib/printf.c                         0x00000000   Number         0  __2sprintf.o ABSOLUTE
    ../clib/printf.c                         0x00000000   Number         0  noretval__2sprintf.o ABSOLUTE
    ../clib/printf_percent.s                 0x00000000   Number         0  _printf_f.o ABSOLUTE
    ../clib/printf_percent.s                 0x00000000   Number         0  _printf_d.o ABSOLUTE
    ../clib/printf_percent.s                 0x00000000   Number         0  _printf_percent_end.o ABSOLUTE
    ../clib/printf_percent.s                 0x00000000   Number         0  _printf_percent.o ABSOLUTE
    ../clib/signal.c                         0x00000000   Number         0  defsig_fpe_inner.o ABSOLUTE
    ../clib/signal.c                         0x00000000   Number         0  defsig_abrt_inner.o ABSOLUTE
    ../clib/signal.c                         0x00000000   Number         0  defsig_general.o ABSOLUTE
    ../clib/signal.c                         0x00000000   Number         0  defsig_rtmem_inner.o ABSOLUTE
    ../clib/signal.c                         0x00000000   Number         0  defsig_exit.o ABSOLUTE
    ../clib/signal.c                         0x00000000   Number         0  defsig_rtmem_outer.o ABSOLUTE
    ../clib/signal.c                         0x00000000   Number         0  defsig_other.o ABSOLUTE
    ../clib/signal.c                         0x00000000   Number         0  defsig_segv_inner.o ABSOLUTE
    ../clib/signal.c                         0x00000000   Number         0  defsig_rtmem_formal.o ABSOLUTE
    ../clib/signal.c                         0x00000000   Number         0  defsig_cppl_inner.o ABSOLUTE
    ../clib/signal.c                         0x00000000   Number         0  defsig_pvfn_inner.o ABSOLUTE
    ../clib/signal.c                         0x00000000   Number         0  defsig_stak_inner.o ABSOLUTE
    ../clib/signal.c                         0x00000000   Number         0  defsig_rtred_inner.o ABSOLUTE
    ../clib/signal.c                         0x00000000   Number         0  __raise.o ABSOLUTE
    ../clib/signal.s                         0x00000000   Number         0  defsig.o ABSOLUTE
    ../clib/stdlib.c                         0x00000000   Number         0  exit.o ABSOLUTE
    ../clib/string.c                         0x00000000   Number         0  strlen.o ABSOLUTE
    ../fplib/d2f.s                           0x00000000   Number         0  d2f.o ABSOLUTE
    ../fplib/daddsub.s                       0x00000000   Number         0  daddsub_clz.o ABSOLUTE
    ../fplib/dcheck1.s                       0x00000000   Number         0  dcheck1.o ABSOLUTE
    ../fplib/dcmpi.s                         0x00000000   Number         0  dcmpi.o ABSOLUTE
    ../fplib/ddiv.s                          0x00000000   Number         0  ddiv.o ABSOLUTE
    ../fplib/dfix.s                          0x00000000   Number         0  dfix.o ABSOLUTE
    ../fplib/dflt.s                          0x00000000   Number         0  dflt_clz.o ABSOLUTE
    ../fplib/dleqf.s                         0x00000000   Number         0  dleqf.o ABSOLUTE
    ../fplib/dmul.s                          0x00000000   Number         0  dmul.o ABSOLUTE
    ../fplib/dnaninf.s                       0x00000000   Number         0  dnaninf.o ABSOLUTE
    ../fplib/dretinf.s                       0x00000000   Number         0  dretinf.o ABSOLUTE
    ../fplib/drleqf.s                        0x00000000   Number         0  drleqf.o ABSOLUTE
    ../fplib/f2d.s                           0x00000000   Number         0  f2d.o ABSOLUTE
    ../fplib/faddsub.s                       0x00000000   Number         0  faddsub_clz.o ABSOLUTE
    ../fplib/fcmpi.s                         0x00000000   Number         0  fcmpi.o ABSOLUTE
    ../fplib/ffix.s                          0x00000000   Number         0  ffix.o ABSOLUTE
    ../fplib/ffixu.s                         0x00000000   Number         0  ffixu.o ABSOLUTE
    ../fplib/fflt.s                          0x00000000   Number         0  fflt_clz.o ABSOLUTE
    ../fplib/fleqf.s                         0x00000000   Number         0  fleqf.o ABSOLUTE
    ../fplib/fmul.s                          0x00000000   Number         0  fmul.o ABSOLUTE
    ../fplib/fnaninf.s                       0x00000000   Number         0  fnaninf.o ABSOLUTE
    ../fplib/fpinit.s                        0x00000000   Number         0  fpinit.o ABSOLUTE
    ../fplib/fretinf.s                       0x00000000   Number         0  fretinf.o ABSOLUTE
    ../fplib/istatus.s                       0x00000000   Number         0  istatus.o ABSOLUTE
    ../fplib/printf1.s                       0x00000000   Number         0  printf1.o ABSOLUTE
    ../fplib/retnan.s                        0x00000000   Number         0  retnan.o ABSOLUTE
    ../fplib/scalbn.s                        0x00000000   Number         0  scalbn.o ABSOLUTE
    ../fplib/trapv.s                         0x00000000   Number         0  trapv.o ABSOLUTE
    ../fplib/usenofp.s                       0x00000000   Number         0  usenofp.o ABSOLUTE
    ../mathlib/ceil.c                        0x00000000   Number         0  ceil.o ABSOLUTE
    ../mathlib/cos.c                         0x00000000   Number         0  cos_x.o ABSOLUTE
    ../mathlib/cos.c                         0x00000000   Number         0  cos.o ABSOLUTE
    ../mathlib/cos_i.c                       0x00000000   Number         0  cos_i.o ABSOLUTE
    ../mathlib/dunder.c                      0x00000000   Number         0  dunder.o ABSOLUTE
    ../mathlib/floor.c                       0x00000000   Number         0  floor.o ABSOLUTE
    ../mathlib/fpclassify.c                  0x00000000   Number         0  fpclassify.o ABSOLUTE
    ../mathlib/poly.c                        0x00000000   Number         0  poly.o ABSOLUTE
    ../mathlib/rred.c                        0x00000000   Number         0  rred.o ABSOLUTE
    ../mathlib/sin.c                         0x00000000   Number         0  sin_x.o ABSOLUTE
    ../mathlib/sin.c                         0x00000000   Number         0  sin.o ABSOLUTE
    ../mathlib/sin_i.c                       0x00000000   Number         0  sin_i_x.o ABSOLUTE
    ../mathlib/sin_i.c                       0x00000000   Number         0  sin_i.o ABSOLUTE
    C:\Keil_v5\ARM\PACK\Keil\MDR1986BExx\1.5\Libraries\MDR32F9Qx_StdPeriph_Driver\src\MDR32F9Qx_rst_clk.c 0x00000000   Number         0  mdr32f9qx_rst_clk.o ABSOLUTE
    C:\Keil_v5\ARM\PACK\Keil\MDR1986BExx\1.5\Libraries\MDR32F9Qx_StdPeriph_Driver\src\MDR32F9Qx_usb.c 0x00000000   Number         0  mdr32f9qx_usb.o ABSOLUTE
    C:\Keil_v5\ARM\PACK\Keil\MDR1986BExx\1.5\Libraries\MDR32F9Qx_StdPeriph_Driver\src\USB_Library\MDR32F9Qx_usb_CDC.c 0x00000000   Number         0  mdr32f9qx_usb_cdc.o ABSOLUTE
    C:\Keil_v5\ARM\PACK\Keil\MDR1986BExx\1.5\Libraries\MDR32F9Qx_StdPeriph_Driver\src\USB_Library\MDR32F9Qx_usb_device.c 0x00000000   Number         0  mdr32f9qx_usb_device.o ABSOLUTE
    C:\\Keil_v5\\ARM\\PACK\\Keil\\MDR1986BExx\\1.5\\Libraries\\MDR32F9Qx_StdPeriph_Driver\\src\\MDR32F9Qx_rst_clk.c 0x00000000   Number         0  mdr32f9qx_rst_clk.o ABSOLUTE
    C:\\Keil_v5\\ARM\\PACK\\Keil\\MDR1986BExx\\1.5\\Libraries\\MDR32F9Qx_StdPeriph_Driver\\src\\MDR32F9Qx_usb.c 0x00000000   Number         0  mdr32f9qx_usb.o ABSOLUTE
    C:\\Keil_v5\\ARM\\PACK\\Keil\\MDR1986BExx\\1.5\\Libraries\\MDR32F9Qx_StdPeriph_Driver\\src\\USB_Library\\MDR32F9Qx_usb_CDC.c 0x00000000   Number         0  mdr32f9qx_usb_cdc.o ABSOLUTE
    C:\\Keil_v5\\ARM\\PACK\\Keil\\MDR1986BExx\\1.5\\Libraries\\MDR32F9Qx_StdPeriph_Driver\\src\\USB_Library\\MDR32F9Qx_usb_device.c 0x00000000   Number         0  mdr32f9qx_usb_device.o ABSOLUTE
    RTE\Device\MDR1986BE92\startup_MDR32F9Qx.s 0x00000000   Number         0  startup_mdr32f9qx.o ABSOLUTE
    RTE\Device\MDR1986BE92\system_MDR32F9Qx.c 0x00000000   Number         0  system_mdr32f9qx.o ABSOLUTE
    RTE\\Device\\MDR1986BE92\\system_MDR32F9Qx.c 0x00000000   Number         0  system_mdr32f9qx.o ABSOLUTE
    dc.s                                     0x00000000   Number         0  dc.o ABSOLUTE
    lib\\lcd.c                               0x00000000   Number         0  lcd.o ABSOLUTE
    lib\image.c                              0x00000000   Number         0  image.o ABSOLUTE
    lib\lcd.c                                0x00000000   Number         0  lcd.o ABSOLUTE
    main.c                                   0x00000000   Number         0  main.o ABSOLUTE
    main.c                                   0x00000000   Number         0  main.o ABSOLUTE
    RESET                                    0x08000000   Section      192  startup_mdr32f9qx.o(RESET)
    !!!main                                  0x080000c0   Section        8  __main.o(!!!main)
    !!!scatter                               0x080000c8   Section       52  __scatter.o(!!!scatter)
    !!handler_copy                           0x080000fc   Section       26  __scatter_copy.o(!!handler_copy)
    !!handler_zi                             0x08000118   Section       28  __scatter_zi.o(!!handler_zi)
    .ARM.Collect$$_printf_percent$$00000000  0x08000134   Section        0  _printf_percent.o(.ARM.Collect$$_printf_percent$$00000000)
    .ARM.Collect$$_printf_percent$$00000003  0x08000134   Section        6  _printf_f.o(.ARM.Collect$$_printf_percent$$00000003)
    .ARM.Collect$$_printf_percent$$00000009  0x0800013a   Section        6  _printf_d.o(.ARM.Collect$$_printf_percent$$00000009)
    .ARM.Collect$$_printf_percent$$00000017  0x08000140   Section        4  _printf_percent_end.o(.ARM.Collect$$_printf_percent$$00000017)
    .ARM.Collect$$libinit$$00000000          0x08000144   Section        2  libinit.o(.ARM.Collect$$libinit$$00000000)
    .ARM.Collect$$libinit$$00000002          0x08000146   Section        0  libinit2.o(.ARM.Collect$$libinit$$00000002)
    .ARM.Collect$$libinit$$00000004          0x08000146   Section        0  libinit2.o(.ARM.Collect$$libinit$$00000004)
    .ARM.Collect$$libinit$$0000000A          0x08000146   Section        0  libinit2.o(.ARM.Collect$$libinit$$0000000A)
    .ARM.Collect$$libinit$$0000000C          0x08000146   Section        0  libinit2.o(.ARM.Collect$$libinit$$0000000C)
    .ARM.Collect$$libinit$$0000000E          0x08000146   Section        0  libinit2.o(.ARM.Collect$$libinit$$0000000E)
    .ARM.Collect$$libinit$$0000000F          0x08000146   Section        6  libinit2.o(.ARM.Collect$$libinit$$0000000F)
    .ARM.Collect$$libinit$$00000011          0x0800014c   Section        0  libinit2.o(.ARM.Collect$$libinit$$00000011)
    .ARM.Collect$$libinit$$00000013          0x0800014c   Section        0  libinit2.o(.ARM.Collect$$libinit$$00000013)
    .ARM.Collect$$libinit$$00000015          0x0800014c   Section        0  libinit2.o(.ARM.Collect$$libinit$$00000015)
    .ARM.Collect$$libinit$$00000016          0x0800014c   Section       10  libinit2.o(.ARM.Collect$$libinit$$00000016)
    .ARM.Collect$$libinit$$00000017          0x08000156   Section        0  libinit2.o(.ARM.Collect$$libinit$$00000017)
    .ARM.Collect$$libinit$$00000019          0x08000156   Section        0  libinit2.o(.ARM.Collect$$libinit$$00000019)
    .ARM.Collect$$libinit$$0000001B          0x08000156   Section        0  libinit2.o(.ARM.Collect$$libinit$$0000001B)
    .ARM.Collect$$libinit$$0000001D          0x08000156   Section        0  libinit2.o(.ARM.Collect$$libinit$$0000001D)
    .ARM.Collect$$libinit$$0000001F          0x08000156   Section        0  libinit2.o(.ARM.Collect$$libinit$$0000001F)
    .ARM.Collect$$libinit$$00000021          0x08000156   Section        0  libinit2.o(.ARM.Collect$$libinit$$00000021)
    .ARM.Collect$$libinit$$00000023          0x08000156   Section        0  libinit2.o(.ARM.Collect$$libinit$$00000023)
    .ARM.Collect$$libinit$$00000025          0x08000156   Section        0  libinit2.o(.ARM.Collect$$libinit$$00000025)
    .ARM.Collect$$libinit$$0000002C          0x08000156   Section        0  libinit2.o(.ARM.Collect$$libinit$$0000002C)
    .ARM.Collect$$libinit$$0000002E          0x08000156   Section        0  libinit2.o(.ARM.Collect$$libinit$$0000002E)
    .ARM.Collect$$libinit$$00000030          0x08000156   Section        0  libinit2.o(.ARM.Collect$$libinit$$00000030)
    .ARM.Collect$$libinit$$00000032          0x08000156   Section        0  libinit2.o(.ARM.Collect$$libinit$$00000032)
    .ARM.Collect$$libinit$$00000033          0x08000156   Section        2  libinit2.o(.ARM.Collect$$libinit$$00000033)
    .ARM.Collect$$libshutdown$$00000000      0x08000158   Section        2  libshutdown.o(.ARM.Collect$$libshutdown$$00000000)
    .ARM.Collect$$libshutdown$$00000002      0x0800015a   Section        0  libshutdown2.o(.ARM.Collect$$libshutdown$$00000002)
    .ARM.Collect$$libshutdown$$00000004      0x0800015a   Section        0  libshutdown2.o(.ARM.Collect$$libshutdown$$00000004)
    .ARM.Collect$$libshutdown$$00000007      0x0800015a   Section        0  libshutdown2.o(.ARM.Collect$$libshutdown$$00000007)
    .ARM.Collect$$libshutdown$$0000000A      0x0800015a   Section        0  libshutdown2.o(.ARM.Collect$$libshutdown$$0000000A)
    .ARM.Collect$$libshutdown$$0000000C      0x0800015a   Section        0  libshutdown2.o(.ARM.Collect$$libshutdown$$0000000C)
    .ARM.Collect$$libshutdown$$0000000F      0x0800015a   Section        0  libshutdown2.o(.ARM.Collect$$libshutdown$$0000000F)
    .ARM.Collect$$libshutdown$$00000010      0x0800015a   Section        2  libshutdown2.o(.ARM.Collect$$libshutdown$$00000010)
    .ARM.Collect$$rtentry$$00000000          0x0800015c   Section        0  __rtentry.o(.ARM.Collect$$rtentry$$00000000)
    .ARM.Collect$$rtentry$$00000002          0x0800015c   Section        0  __rtentry2.o(.ARM.Collect$$rtentry$$00000002)
    .ARM.Collect$$rtentry$$00000004          0x0800015c   Section        6  __rtentry4.o(.ARM.Collect$$rtentry$$00000004)
    .ARM.Collect$$rtentry$$00000009          0x08000162   Section        0  __rtentry2.o(.ARM.Collect$$rtentry$$00000009)
    .ARM.Collect$$rtentry$$0000000A          0x08000162   Section        4  __rtentry2.o(.ARM.Collect$$rtentry$$0000000A)
    .ARM.Collect$$rtentry$$0000000C          0x08000166   Section        0  __rtentry2.o(.ARM.Collect$$rtentry$$0000000C)
    .ARM.Collect$$rtentry$$0000000D          0x08000166   Section        8  __rtentry2.o(.ARM.Collect$$rtentry$$0000000D)
    .ARM.Collect$$rtexit$$00000000           0x0800016e   Section        2  rtexit.o(.ARM.Collect$$rtexit$$00000000)
    .ARM.Collect$$rtexit$$00000002           0x08000170   Section        0  rtexit2.o(.ARM.Collect$$rtexit$$00000002)
    .ARM.Collect$$rtexit$$00000003           0x08000170   Section        4  rtexit2.o(.ARM.Collect$$rtexit$$00000003)
    .ARM.Collect$$rtexit$$00000004           0x08000174   Section        6  rtexit2.o(.ARM.Collect$$rtexit$$00000004)
    .text                                    0x0800017c   Section       64  startup_mdr32f9qx.o(.text)
    .text                                    0x080001bc   Section        0  noretval__2sprintf.o(.text)
    .text                                    0x080001e4   Section        0  _printf_dec.o(.text)
    .text                                    0x0800025c   Section        0  __printf_wp.o(.text)
    .text                                    0x0800036a   Section        0  heapauxi.o(.text)
    .text                                    0x08000370   Section        0  _printf_intcommon.o(.text)
    .text                                    0x08000422   Section        0  _printf_fp_dec.o(.text)
    _fp_digits                               0x08000425   Thumb Code   432  _printf_fp_dec.o(.text)
    .text                                    0x08000840   Section        0  _printf_char_common.o(.text)
    _printf_input_char                       0x08000841   Thumb Code    10  _printf_char_common.o(.text)
    .text                                    0x08000870   Section        0  _sputc.o(.text)
    .text                                    0x0800087c   Section        8  rt_locale_intlibspace.o(.text)
    .text                                    0x08000884   Section      138  lludiv10.o(.text)
    .text                                    0x08000910   Section        0  _printf_fp_infnan.o(.text)
    .text                                    0x08000990   Section        0  bigflt0.o(.text)
    .text                                    0x08000a74   Section        8  libspace.o(.text)
    .text                                    0x08000a7c   Section       74  sys_stackheap_outer.o(.text)
    .text                                    0x08000ac6   Section        0  exit.o(.text)
    .text                                    0x08000ad8   Section      128  strcmpv7m.o(.text)
    .text                                    0x08000b58   Section        0  sys_exit.o(.text)
    .text                                    0x08000b64   Section        2  use_no_semi.o(.text)
    .text                                    0x08000b66   Section        0  indicate_semi.o(.text)
    CL$$btod_d2e                             0x08000b66   Section       62  btod.o(CL$$btod_d2e)
    CL$$btod_d2e_denorm_low                  0x08000ba4   Section       70  btod.o(CL$$btod_d2e_denorm_low)
    CL$$btod_d2e_norm_op1                    0x08000bea   Section       96  btod.o(CL$$btod_d2e_norm_op1)
    CL$$btod_div_common                      0x08000c4a   Section      824  btod.o(CL$$btod_div_common)
    CL$$btod_e2e                             0x08000f82   Section      220  btod.o(CL$$btod_e2e)
    CL$$btod_ediv                            0x0800105e   Section       42  btod.o(CL$$btod_ediv)
    CL$$btod_emul                            0x08001088   Section       42  btod.o(CL$$btod_emul)
    CL$$btod_mult_common                     0x080010b2   Section      580  btod.o(CL$$btod_mult_common)
    i.LCD_ClearPage                          0x080012f6   Section        0  lcd.o(i.LCD_ClearPage)
    i.LCD_ClearScreen                        0x08001330   Section        0  lcd.o(i.LCD_ClearScreen)
    i.LCD_DataBusDirection                   0x08001358   Section        0  lcd.o(i.LCD_DataBusDirection)
    i.LCD_Enable                             0x08001398   Section        0  lcd.o(i.LCD_Enable)
    i.LCD_Init                               0x08001438   Section        0  lcd.o(i.LCD_Init)
    i.LCD_PortCfg                            0x08001500   Section        0  lcd.o(i.LCD_PortCfg)
    i.LCD_PutImage                           0x08001640   Section        0  lcd.o(i.LCD_PutImage)
    i.LCD_PutString                          0x0800173a   Section        0  lcd.o(i.LCD_PutString)
    i.LCD_PutSymbol                          0x08001774   Section        0  lcd.o(i.LCD_PutSymbol)
    i.LCD_ReadStatus                         0x08001860   Section        0  lcd.o(i.LCD_ReadStatus)
    i.LCD_Reset                              0x0800191c   Section        0  lcd.o(i.LCD_Reset)
    i.LCD_SetAddress                         0x0800198c   Section        0  lcd.o(i.LCD_SetAddress)
    i.LCD_SetDataBits                        0x08001a30   Section        0  lcd.o(i.LCD_SetDataBits)
    i.LCD_SetPage                            0x08001a74   Section        0  lcd.o(i.LCD_SetPage)
    i.LCD_WriteData                          0x08001b18   Section        0  lcd.o(i.LCD_WriteData)
    i.RST_CLK_CPU_PLLcmd                     0x08001bb8   Section        0  mdr32f9qx_rst_clk.o(i.RST_CLK_CPU_PLLcmd)
    i.RST_CLK_CPU_PLLconfig                  0x08001bc4   Section        0  mdr32f9qx_rst_clk.o(i.RST_CLK_CPU_PLLconfig)
    i.RST_CLK_CPU_PLLstatus                  0x08001c04   Section        0  mdr32f9qx_rst_clk.o(i.RST_CLK_CPU_PLLstatus)
    i.RST_CLK_CPU_PLLuse                     0x08001c38   Section        0  mdr32f9qx_rst_clk.o(i.RST_CLK_CPU_PLLuse)
    i.RST_CLK_CPUclkPrescaler                0x08001c44   Section        0  mdr32f9qx_rst_clk.o(i.RST_CLK_CPUclkPrescaler)
    i.RST_CLK_CPUclkSelection                0x08001c5c   Section        0  mdr32f9qx_rst_clk.o(i.RST_CLK_CPUclkSelection)
    i.RST_CLK_GetFlagStatus                  0x08001c70   Section        0  mdr32f9qx_rst_clk.o(i.RST_CLK_GetFlagStatus)
    i.RST_CLK_HSEconfig                      0x08001ca4   Section        0  mdr32f9qx_rst_clk.o(i.RST_CLK_HSEconfig)
    i.RST_CLK_HSEstatus                      0x08001ce0   Section        0  mdr32f9qx_rst_clk.o(i.RST_CLK_HSEstatus)
    i.RST_CLK_PCLKcmd                        0x08001d14   Section        0  mdr32f9qx_rst_clk.o(i.RST_CLK_PCLKcmd)
    i.Setup_CPU_Clock                        0x08001d34   Section        0  main.o(i.Setup_CPU_Clock)
    Setup_CPU_Clock                          0x08001d35   Thumb Code    68  main.o(i.Setup_CPU_Clock)
    i.Setup_USB                              0x08001d78   Section        0  main.o(i.Setup_USB)
    Setup_USB                                0x08001d79   Thumb Code    76  main.o(i.Setup_USB)
    i.SystemCoreClockUpdate                  0x08001dcc   Section        0  system_mdr32f9qx.o(i.SystemCoreClockUpdate)
    i.SystemInit                             0x08001e5c   Section        0  system_mdr32f9qx.o(i.SystemInit)
    i.USB_BRGInit                            0x08001e9c   Section        0  mdr32f9qx_usb.o(i.USB_BRGInit)
    i.USB_CDC_ClassRequest                   0x08001ed8   Section        0  mdr32f9qx_usb_cdc.o(i.USB_CDC_ClassRequest)
    i.USB_CDC_DoDataOut                      0x08001f78   Section        0  mdr32f9qx_usb_cdc.o(i.USB_CDC_DoDataOut)
    USB_CDC_DoDataOut                        0x08001f79   Thumb Code    60  mdr32f9qx_usb_cdc.o(i.USB_CDC_DoDataOut)
    i.USB_CDC_GetDescriptor                  0x08001fb8   Section        0  mdr32f9qx_usb_cdc.o(i.USB_CDC_GetDescriptor)
    i.USB_CDC_GetLineCoding                  0x0800201c   Section        0  main.o(i.USB_CDC_GetLineCoding)
    i.USB_CDC_Init                           0x08002034   Section        0  mdr32f9qx_usb_cdc.o(i.USB_CDC_Init)
    i.USB_CDC_OnDataReceive                  0x08002060   Section        0  mdr32f9qx_usb_cdc.o(i.USB_CDC_OnDataReceive)
    USB_CDC_OnDataReceive                    0x08002061   Thumb Code    58  mdr32f9qx_usb_cdc.o(i.USB_CDC_OnDataReceive)
    i.USB_CDC_OnDataSent                     0x080020a4   Section        0  mdr32f9qx_usb_cdc.o(i.USB_CDC_OnDataSent)
    USB_CDC_OnDataSent                       0x080020a5   Thumb Code    12  mdr32f9qx_usb_cdc.o(i.USB_CDC_OnDataSent)
    i.USB_CDC_RecieveData                    0x080020b4   Section        0  main.o(i.USB_CDC_RecieveData)
    i.USB_CDC_Reset                          0x080020c4   Section        0  mdr32f9qx_usb_cdc.o(i.USB_CDC_Reset)
    i.USB_CDC_SendData                       0x08002110   Section        0  mdr32f9qx_usb_cdc.o(i.USB_CDC_SendData)
    i.USB_CDC_SetLineCoding                  0x08002140   Section        0  main.o(i.USB_CDC_SetLineCoding)
    i.USB_CDC_SetReceiveBuffer               0x0800215c   Section        0  mdr32f9qx_usb_cdc.o(i.USB_CDC_SetReceiveBuffer)
    i.USB_DeviceClearFeature                 0x0800216c   Section        0  mdr32f9qx_usb_device.o(i.USB_DeviceClearFeature)
    i.USB_DeviceDispatchEvent                0x08002188   Section        0  mdr32f9qx_usb_device.o(i.USB_DeviceDispatchEvent)
    i.USB_DeviceDoStatusOutAck               0x0800220c   Section        0  mdr32f9qx_usb_device.o(i.USB_DeviceDoStatusOutAck)
    i.USB_DeviceInit                         0x08002224   Section        0  mdr32f9qx_usb_device.o(i.USB_DeviceInit)
    i.USB_DevicePowerOn                      0x0800227c   Section        0  mdr32f9qx_usb_device.o(i.USB_DevicePowerOn)
    i.USB_DeviceReset                        0x08002294   Section        0  mdr32f9qx_usb_device.o(i.USB_DeviceReset)
    i.USB_DeviceSetFeature                   0x080022a4   Section        0  mdr32f9qx_usb_device.o(i.USB_DeviceSetFeature)
    i.USB_DeviceSetupPacket                  0x080022c0   Section        0  mdr32f9qx_usb_device.o(i.USB_DeviceSetupPacket)
    i.USB_Device_setAddressWork              0x08002528   Section        0  mdr32f9qx_usb_device.o(i.USB_Device_setAddressWork)
    USB_Device_setAddressWork                0x08002529   Thumb Code    36  mdr32f9qx_usb_device.o(i.USB_Device_setAddressWork)
    i.USB_EP_Idle                            0x08002550   Section        0  mdr32f9qx_usb_device.o(i.USB_EP_Idle)
    i.USB_EP_Init                            0x08002590   Section        0  mdr32f9qx_usb_device.o(i.USB_EP_Init)
    i.USB_EP_SetReady                        0x080025d8   Section        0  mdr32f9qx_usb_device.o(i.USB_EP_SetReady)
    USB_EP_SetReady                          0x080025d9   Thumb Code    40  mdr32f9qx_usb_device.o(i.USB_EP_SetReady)
    i.USB_EP_Stall                           0x08002604   Section        0  mdr32f9qx_usb_device.o(i.USB_EP_Stall)
    i.USB_EP_dispatchEvent                   0x08002648   Section        0  mdr32f9qx_usb_device.o(i.USB_EP_dispatchEvent)
    i.USB_EP_doDataIn                        0x08002898   Section        0  mdr32f9qx_usb_device.o(i.USB_EP_doDataIn)
    i.USB_EP_doDataOut                       0x080028e4   Section        0  mdr32f9qx_usb_device.o(i.USB_EP_doDataOut)
    i.USB_EP_sendInDataPortion               0x08002920   Section        0  mdr32f9qx_usb_device.o(i.USB_EP_sendInDataPortion)
    USB_EP_sendInDataPortion                 0x08002921   Thumb Code   120  mdr32f9qx_usb_device.o(i.USB_EP_sendInDataPortion)
    i.USB_EP_setSetupHandler                 0x0800299c   Section        0  mdr32f9qx_usb_device.o(i.USB_EP_setSetupHandler)
    i.USB_GetSEPxCTRL                        0x080029dc   Section        0  mdr32f9qx_usb.o(i.USB_GetSEPxCTRL)
    i.USB_GetSEPxRXFD                        0x080029ec   Section        0  mdr32f9qx_usb.o(i.USB_GetSEPxRXFD)
    i.USB_GetSEPxRXFDC                       0x080029fc   Section        0  mdr32f9qx_usb.o(i.USB_GetSEPxRXFDC)
    i.USB_GetSEPxSTS                         0x08002a0c   Section        0  mdr32f9qx_usb.o(i.USB_GetSEPxSTS)
    i.USB_GetSEPxTS                          0x08002a1c   Section        0  mdr32f9qx_usb.o(i.USB_GetSEPxTS)
    i.USB_GetSIS                             0x08002a2c   Section        0  mdr32f9qx_usb.o(i.USB_GetSIS)
    i.USB_IRQHandler                         0x08002a38   Section        0  mdr32f9qx_usb_device.o(i.USB_IRQHandler)
    i.USB_Reset                              0x08002a40   Section        0  mdr32f9qx_usb.o(i.USB_Reset)
    i.USB_SEPxToggleEPDATASEQ                0x08002a60   Section        0  mdr32f9qx_usb.o(i.USB_SEPxToggleEPDATASEQ)
    i.USB_SetHSCR                            0x08002a7c   Section        0  mdr32f9qx_usb.o(i.USB_SetHSCR)
    i.USB_SetSA                              0x08002a9c   Section        0  mdr32f9qx_usb.o(i.USB_SetSA)
    i.USB_SetSC                              0x08002aa8   Section        0  mdr32f9qx_usb.o(i.USB_SetSC)
    i.USB_SetSEPxCTRL                        0x08002ac8   Section        0  mdr32f9qx_usb.o(i.USB_SetSEPxCTRL)
    i.USB_SetSEPxRXFC                        0x08002af4   Section        0  mdr32f9qx_usb.o(i.USB_SetSEPxRXFC)
    i.USB_SetSEPxTXFD                        0x08002b04   Section        0  mdr32f9qx_usb.o(i.USB_SetSEPxTXFD)
    i.USB_SetSEPxTXFDC                       0x08002b14   Section        0  mdr32f9qx_usb.o(i.USB_SetSEPxTXFDC)
    i.USB_SetSIM                             0x08002b24   Section        0  mdr32f9qx_usb.o(i.USB_SetSIM)
    i.USB_SetSIS                             0x08002b44   Section        0  mdr32f9qx_usb.o(i.USB_SetSIS)
    i.VCom_Configuration                     0x08002b50   Section        0  main.o(i.VCom_Configuration)
    VCom_Configuration                       0x08002b51   Thumb Code    20  main.o(i.VCom_Configuration)
    i.__ARM_fpclassify                       0x08002b68   Section        0  fpclassify.o(i.__ARM_fpclassify)
    i._is_digit                              0x08002b90   Section        0  __printf_wp.o(i._is_digit)
    i.erosion                                0x08002b9e   Section        0  image.o(i.erosion)
    i.image                                  0x08002c74   Section        0  main.o(i.image)
    i.main                                   0x08002dcc   Section        0  main.o(i.main)
    locale$$code                             0x08002e2c   Section       44  lc_numeric_c.o(locale$$code)
    x$fpl$ddiv                               0x08002e58   Section      688  ddiv.o(x$fpl$ddiv)
    ddiv_entry                               0x08002e5f   Thumb Code     0  ddiv.o(x$fpl$ddiv)
    x$fpl$dflt                               0x08003108   Section       46  dflt_clz.o(x$fpl$dflt)
    x$fpl$dnaninf                            0x08003136   Section      156  dnaninf.o(x$fpl$dnaninf)
    x$fpl$dretinf                            0x080031d2   Section       12  dretinf.o(x$fpl$dretinf)
    x$fpl$printf1                            0x080031de   Section        4  printf1.o(x$fpl$printf1)
    .constdata                               0x080031e2   Section     1596  lcd.o(.constdata)
    x$fpl$usenofp                            0x080031e2   Section        0  usenofp.o(x$fpl$usenofp)
    font                                     0x080031e2   Data        1344  lcd.o(.constdata)
    header                                   0x08003722   Data         252  lcd.o(.constdata)
    .constdata                               0x08003820   Section      148  bigflt0.o(.constdata)
    tenpwrs_x                                0x08003820   Data          60  bigflt0.o(.constdata)
    tenpwrs_i                                0x0800385c   Data          64  bigflt0.o(.constdata)
    locale$$data                             0x080038d4   Section       28  lc_numeric_c.o(locale$$data)
    __lcnum_c_name                           0x080038d8   Data           2  lc_numeric_c.o(locale$$data)
    __lcnum_c_start                          0x080038e0   Data           0  lc_numeric_c.o(locale$$data)
    __lcnum_c_point                          0x080038ec   Data           0  lc_numeric_c.o(locale$$data)
    __lcnum_c_thousands                      0x080038ee   Data           0  lc_numeric_c.o(locale$$data)
    __lcnum_c_grouping                       0x080038ef   Data           0  lc_numeric_c.o(locale$$data)
    __lcnum_c_end                            0x080038f0   Data           0  lc_numeric_c.o(locale$$data)
    .data                                    0x20000000   Section       20  main.o(.data)
    line                                     0x20000000   Data           2  main.o(.data)
    frame                                    0x20000002   Data           2  main.o(.data)
    LineCoding                               0x2000000c   Data           8  main.o(.data)
    .data                                    0x20000014   Section        4  system_mdr32f9qx.o(.data)
    .data                                    0x20000018   Section       96  mdr32f9qx_usb_cdc.o(.data)
    Usb_CDC_Device_Descriptor                0x20000018   Data          18  mdr32f9qx_usb_cdc.o(.data)
    Usb_CDC_Configuration_Descriptor         0x2000002a   Data          67  mdr32f9qx_usb_cdc.o(.data)
    CDC_ClassPacketData                      0x20000070   Data           8  mdr32f9qx_usb_cdc.o(.data)
    .data                                    0x20000078   Section       16  mdr32f9qx_usb_device.o(.data)
    SetupPacketData                          0x20000080   Data           2  mdr32f9qx_usb_device.o(.data)
    bHandling                                0x20000084   Data           4  mdr32f9qx_usb_device.o(.data)
    .bss                                     0x20000088   Section    10916  main.o(.bss)
    string                                   0x20000088   Data          21  main.o(.bss)
    inbuf                                    0x2000009d   Data        3600  main.o(.bss)
    temp                                     0x20000ead   Data        3600  main.o(.bss)
    outbuf                                   0x20001cbd   Data        3600  main.o(.bss)
    Buffer                                   0x20002adc   Data          80  main.o(.bss)
    .bss                                     0x20002b2c   Section       12  mdr32f9qx_usb_cdc.o(.bss)
    USB_CDCContext                           0x20002b2c   Data          12  mdr32f9qx_usb_cdc.o(.bss)
    .bss                                     0x20002b38   Section      188  mdr32f9qx_usb_device.o(.bss)
    .bss                                     0x20002bf4   Section       96  libspace.o(.bss)
    HEAP                                     0x20002c58   Section      512  startup_mdr32f9qx.o(HEAP)
    Heap_Mem                                 0x20002c58   Data         512  startup_mdr32f9qx.o(HEAP)
    STACK                                    0x20002e58   Section     1024  startup_mdr32f9qx.o(STACK)
    Stack_Mem                                0x20002e58   Data        1024  startup_mdr32f9qx.o(STACK)
    __initial_sp                             0x20003258   Data           0  startup_mdr32f9qx.o(STACK)

    Global Symbols

    Symbol Name                              Value     Ov Type        Size  Object(Section)

    BuildAttributes$$THM_ISAv4$P$D$K$B$S$PE$A:L22UL41UL21$X:L11$S22US41US21$IEEE1$IW$USESV6$~STKCKD$USESV7$~SHL$OTIME$ROPI$IEEEX$EBA8$UX$STANDARDLIB$REQ8$PRES8$EABIv2 0x00000000   Number         0  anon$$obj.o ABSOLUTE
    __ARM_use_no_argv                        0x00000000   Number         0  main.o ABSOLUTE
    _printf_flags                            0x00000000   Number         0  printf_stubs.o ABSOLUTE
    _printf_return_value                     0x00000000   Number         0  printf_stubs.o ABSOLUTE
    _printf_sizespec                         0x00000000   Number         0  printf_stubs.o ABSOLUTE
    _printf_widthprec                        0x00000000   Number         0  printf_stubs.o ABSOLUTE
    __ARM_exceptions_init                     - Undefined Weak Reference
    __alloca_initialize                       - Undefined Weak Reference
    __arm_preinit_                            - Undefined Weak Reference
    __cpp_initialize__aeabi_                  - Undefined Weak Reference
    __cxa_finalize                            - Undefined Weak Reference
    __sigvec_lookup                           - Undefined Weak Reference
    _atexit_init                              - Undefined Weak Reference
    _call_atexit_fns                          - Undefined Weak Reference
    _clock_init                               - Undefined Weak Reference
    _fp_trap_init                             - Undefined Weak Reference
    _fp_trap_shutdown                         - Undefined Weak Reference
    _get_lc_collate                           - Undefined Weak Reference
    _get_lc_ctype                             - Undefined Weak Reference
    _get_lc_monetary                          - Undefined Weak Reference
    _get_lc_time                              - Undefined Weak Reference
    _getenv_init                              - Undefined Weak Reference
    _handle_redirection                       - Undefined Weak Reference
    _init_alloc                               - Undefined Weak Reference
    _init_user_alloc                          - Undefined Weak Reference
    _initio                                   - Undefined Weak Reference
    _printf_post_padding                      - Undefined Weak Reference
    _printf_pre_padding                       - Undefined Weak Reference
    _printf_truncate_signed                   - Undefined Weak Reference
    _printf_truncate_unsigned                 - Undefined Weak Reference
    _rand_init                                - Undefined Weak Reference
    _signal_finish                            - Undefined Weak Reference
    _signal_init                              - Undefined Weak Reference
    _terminate_alloc                          - Undefined Weak Reference
    _terminate_user_alloc                     - Undefined Weak Reference
    _terminateio                              - Undefined Weak Reference
    __Vectors_Size                           0x000000c0   Number         0  startup_mdr32f9qx.o ABSOLUTE
    __Vectors                                0x08000000   Data           4  startup_mdr32f9qx.o(RESET)
    __Vectors_End                            0x080000c0   Data           0  startup_mdr32f9qx.o(RESET)
    __main                                   0x080000c1   Thumb Code     8  __main.o(!!!main)
    __scatterload                            0x080000c9   Thumb Code     0  __scatter.o(!!!scatter)
    __scatterload_rt2                        0x080000c9   Thumb Code    44  __scatter.o(!!!scatter)
    __scatterload_rt2_thumb_only             0x080000c9   Thumb Code     0  __scatter.o(!!!scatter)
    __scatterload_null                       0x080000d7   Thumb Code     0  __scatter.o(!!!scatter)
    __scatterload_copy                       0x080000fd   Thumb Code    26  __scatter_copy.o(!!handler_copy)
    __scatterload_zeroinit                   0x08000119   Thumb Code    28  __scatter_zi.o(!!handler_zi)
    _printf_f                                0x08000135   Thumb Code     0  _printf_f.o(.ARM.Collect$$_printf_percent$$00000003)
    _printf_percent                          0x08000135   Thumb Code     0  _printf_percent.o(.ARM.Collect$$_printf_percent$$00000000)
    _printf_d                                0x0800013b   Thumb Code     0  _printf_d.o(.ARM.Collect$$_printf_percent$$00000009)
    _printf_percent_end                      0x08000141   Thumb Code     0  _printf_percent_end.o(.ARM.Collect$$_printf_percent$$00000017)
    __rt_lib_init                            0x08000145   Thumb Code     0  libinit.o(.ARM.Collect$$libinit$$00000000)
    __rt_lib_init_fp_1                       0x08000147   Thumb Code     0  libinit2.o(.ARM.Collect$$libinit$$00000002)
    __rt_lib_init_heap_1                     0x08000147   Thumb Code     0  libinit2.o(.ARM.Collect$$libinit$$0000000A)
    __rt_lib_init_lc_common                  0x08000147   Thumb Code     0  libinit2.o(.ARM.Collect$$libinit$$0000000F)
    __rt_lib_init_preinit_1                  0x08000147   Thumb Code     0  libinit2.o(.ARM.Collect$$libinit$$00000004)
    __rt_lib_init_rand_1                     0x08000147   Thumb Code     0  libinit2.o(.ARM.Collect$$libinit$$0000000E)
    __rt_lib_init_user_alloc_1               0x08000147   Thumb Code     0  libinit2.o(.ARM.Collect$$libinit$$0000000C)
    __rt_lib_init_lc_collate_1               0x0800014d   Thumb Code     0  libinit2.o(.ARM.Collect$$libinit$$00000011)
    __rt_lib_init_lc_ctype_1                 0x0800014d   Thumb Code     0  libinit2.o(.ARM.Collect$$libinit$$00000013)
    __rt_lib_init_lc_monetary_1              0x0800014d   Thumb Code     0  libinit2.o(.ARM.Collect$$libinit$$00000015)
    __rt_lib_init_lc_numeric_2               0x0800014d   Thumb Code     0  libinit2.o(.ARM.Collect$$libinit$$00000016)
    __rt_lib_init_alloca_1                   0x08000157   Thumb Code     0  libinit2.o(.ARM.Collect$$libinit$$0000002E)
    __rt_lib_init_argv_1                     0x08000157   Thumb Code     0  libinit2.o(.ARM.Collect$$libinit$$0000002C)
    __rt_lib_init_atexit_1                   0x08000157   Thumb Code     0  libinit2.o(.ARM.Collect$$libinit$$0000001B)
    __rt_lib_init_clock_1                    0x08000157   Thumb Code     0  libinit2.o(.ARM.Collect$$libinit$$00000021)
    __rt_lib_init_cpp_1                      0x08000157   Thumb Code     0  libinit2.o(.ARM.Collect$$libinit$$00000032)
    __rt_lib_init_exceptions_1               0x08000157   Thumb Code     0  libinit2.o(.ARM.Collect$$libinit$$00000030)
    __rt_lib_init_fp_trap_1                  0x08000157   Thumb Code     0  libinit2.o(.ARM.Collect$$libinit$$0000001F)
    __rt_lib_init_getenv_1                   0x08000157   Thumb Code     0  libinit2.o(.ARM.Collect$$libinit$$00000023)
    __rt_lib_init_lc_numeric_1               0x08000157   Thumb Code     0  libinit2.o(.ARM.Collect$$libinit$$00000017)
    __rt_lib_init_lc_time_1                  0x08000157   Thumb Code     0  libinit2.o(.ARM.Collect$$libinit$$00000019)
    __rt_lib_init_return                     0x08000157   Thumb Code     0  libinit2.o(.ARM.Collect$$libinit$$00000033)
    __rt_lib_init_signal_1                   0x08000157   Thumb Code     0  libinit2.o(.ARM.Collect$$libinit$$0000001D)
    __rt_lib_init_stdio_1                    0x08000157   Thumb Code     0  libinit2.o(.ARM.Collect$$libinit$$00000025)
    __rt_lib_shutdown                        0x08000159   Thumb Code     0  libshutdown.o(.ARM.Collect$$libshutdown$$00000000)
    __rt_lib_shutdown_cpp_1                  0x0800015b   Thumb Code     0  libshutdown2.o(.ARM.Collect$$libshutdown$$00000002)
    __rt_lib_shutdown_fp_trap_1              0x0800015b   Thumb Code     0  libshutdown2.o(.ARM.Collect$$libshutdown$$00000007)
    __rt_lib_shutdown_heap_1                 0x0800015b   Thumb Code     0  libshutdown2.o(.ARM.Collect$$libshutdown$$0000000F)
    __rt_lib_shutdown_return                 0x0800015b   Thumb Code     0  libshutdown2.o(.ARM.Collect$$libshutdown$$00000010)
    __rt_lib_shutdown_signal_1               0x0800015b   Thumb Code     0  libshutdown2.o(.ARM.Collect$$libshutdown$$0000000A)
    __rt_lib_shutdown_stdio_1                0x0800015b   Thumb Code     0  libshutdown2.o(.ARM.Collect$$libshutdown$$00000004)
    __rt_lib_shutdown_user_alloc_1           0x0800015b   Thumb Code     0  libshutdown2.o(.ARM.Collect$$libshutdown$$0000000C)
    __rt_entry                               0x0800015d   Thumb Code     0  __rtentry.o(.ARM.Collect$$rtentry$$00000000)
    __rt_entry_presh_1                       0x0800015d   Thumb Code     0  __rtentry2.o(.ARM.Collect$$rtentry$$00000002)
    __rt_entry_sh                            0x0800015d   Thumb Code     0  __rtentry4.o(.ARM.Collect$$rtentry$$00000004)
    __rt_entry_li                            0x08000163   Thumb Code     0  __rtentry2.o(.ARM.Collect$$rtentry$$0000000A)
    __rt_entry_postsh_1                      0x08000163   Thumb Code     0  __rtentry2.o(.ARM.Collect$$rtentry$$00000009)
    __rt_entry_main                          0x08000167   Thumb Code     0  __rtentry2.o(.ARM.Collect$$rtentry$$0000000D)
    __rt_entry_postli_1                      0x08000167   Thumb Code     0  __rtentry2.o(.ARM.Collect$$rtentry$$0000000C)
    __rt_exit                                0x0800016f   Thumb Code     0  rtexit.o(.ARM.Collect$$rtexit$$00000000)
    __rt_exit_ls                             0x08000171   Thumb Code     0  rtexit2.o(.ARM.Collect$$rtexit$$00000003)
    __rt_exit_prels_1                        0x08000171   Thumb Code     0  rtexit2.o(.ARM.Collect$$rtexit$$00000002)
    __rt_exit_exit                           0x08000175   Thumb Code     0  rtexit2.o(.ARM.Collect$$rtexit$$00000004)
    Reset_Handler                            0x0800017d   Thumb Code     8  startup_mdr32f9qx.o(.text)
    NMI_Handler                              0x08000185   Thumb Code     2  startup_mdr32f9qx.o(.text)
    HardFault_Handler                        0x08000187   Thumb Code     2  startup_mdr32f9qx.o(.text)
    MemManage_Handler                        0x08000189   Thumb Code     2  startup_mdr32f9qx.o(.text)
    BusFault_Handler                         0x0800018b   Thumb Code     2  startup_mdr32f9qx.o(.text)
    UsageFault_Handler                       0x0800018d   Thumb Code     2  startup_mdr32f9qx.o(.text)
    SVC_Handler                              0x0800018f   Thumb Code     2  startup_mdr32f9qx.o(.text)
    DebugMon_Handler                         0x08000191   Thumb Code     2  startup_mdr32f9qx.o(.text)
    PendSV_Handler                           0x08000193   Thumb Code     2  startup_mdr32f9qx.o(.text)
    SysTick_Handler                          0x08000195   Thumb Code     2  startup_mdr32f9qx.o(.text)
    ADC_IRQHandler                           0x08000197   Thumb Code     0  startup_mdr32f9qx.o(.text)
    BACKUP_IRQHandler                        0x08000197   Thumb Code     0  startup_mdr32f9qx.o(.text)
    CAN1_IRQHandler                          0x08000197   Thumb Code     0  startup_mdr32f9qx.o(.text)
    CAN2_IRQHandler                          0x08000197   Thumb Code     0  startup_mdr32f9qx.o(.text)
    COMPARATOR_IRQHandler                    0x08000197   Thumb Code     0  startup_mdr32f9qx.o(.text)
    DMA_IRQHandler                           0x08000197   Thumb Code     0  startup_mdr32f9qx.o(.text)
    EXT_INT1_IRQHandler                      0x08000197   Thumb Code     0  startup_mdr32f9qx.o(.text)
    EXT_INT2_IRQHandler                      0x08000197   Thumb Code     0  startup_mdr32f9qx.o(.text)
    EXT_INT3_IRQHandler                      0x08000197   Thumb Code     0  startup_mdr32f9qx.o(.text)
    EXT_INT4_IRQHandler                      0x08000197   Thumb Code     0  startup_mdr32f9qx.o(.text)
    I2C_IRQHandler                           0x08000197   Thumb Code     0  startup_mdr32f9qx.o(.text)
    POWER_IRQHandler                         0x08000197   Thumb Code     0  startup_mdr32f9qx.o(.text)
    SSP1_IRQHandler                          0x08000197   Thumb Code     0  startup_mdr32f9qx.o(.text)
    SSP2_IRQHandler                          0x08000197   Thumb Code     0  startup_mdr32f9qx.o(.text)
    Timer1_IRQHandler                        0x08000197   Thumb Code     0  startup_mdr32f9qx.o(.text)
    Timer2_IRQHandler                        0x08000197   Thumb Code     0  startup_mdr32f9qx.o(.text)
    Timer3_IRQHandler                        0x08000197   Thumb Code     0  startup_mdr32f9qx.o(.text)
    UART1_IRQHandler                         0x08000197   Thumb Code     0  startup_mdr32f9qx.o(.text)
    UART2_IRQHandler                         0x08000197   Thumb Code     0  startup_mdr32f9qx.o(.text)
    WWDG_IRQHandler                          0x08000197   Thumb Code     0  startup_mdr32f9qx.o(.text)
    __user_initial_stackheap                 0x08000199   Thumb Code     0  startup_mdr32f9qx.o(.text)
    __2sprintf                               0x080001bd   Thumb Code    34  noretval__2sprintf.o(.text)
    _printf_int_dec                          0x080001e5   Thumb Code   104  _printf_dec.o(.text)
    __printf                                 0x0800025d   Thumb Code   270  __printf_wp.o(.text)
    __use_two_region_memory                  0x0800036b   Thumb Code     2  heapauxi.o(.text)
    __rt_heap_escrow$2region                 0x0800036d   Thumb Code     2  heapauxi.o(.text)
    __rt_heap_expand$2region                 0x0800036f   Thumb Code     2  heapauxi.o(.text)
    _printf_int_common                       0x08000371   Thumb Code   178  _printf_intcommon.o(.text)
    __lib_sel_fp_printf                      0x08000423   Thumb Code     2  _printf_fp_dec.o(.text)
    _printf_fp_dec_real                      0x080005d5   Thumb Code   620  _printf_fp_dec.o(.text)
    _printf_char_common                      0x0800084b   Thumb Code    32  _printf_char_common.o(.text)
    _sputc                                   0x08000871   Thumb Code    10  _sputc.o(.text)
    __rt_locale                              0x0800087d   Thumb Code     8  rt_locale_intlibspace.o(.text)
    _ll_udiv10                               0x08000885   Thumb Code   138  lludiv10.o(.text)
    _printf_fp_infnan                        0x08000911   Thumb Code   112  _printf_fp_infnan.o(.text)
    _btod_etento                             0x08000991   Thumb Code   224  bigflt0.o(.text)
    __user_libspace                          0x08000a75   Thumb Code     8  libspace.o(.text)
    __user_perproc_libspace                  0x08000a75   Thumb Code     0  libspace.o(.text)
    __user_perthread_libspace                0x08000a75   Thumb Code     0  libspace.o(.text)
    __user_setup_stackheap                   0x08000a7d   Thumb Code    74  sys_stackheap_outer.o(.text)
    exit                                     0x08000ac7   Thumb Code    18  exit.o(.text)
    strcmp                                   0x08000ad9   Thumb Code   128  strcmpv7m.o(.text)
    _sys_exit                                0x08000b59   Thumb Code     8  sys_exit.o(.text)
    __I$use$semihosting                      0x08000b65   Thumb Code     0  use_no_semi.o(.text)
    __use_no_semihosting_swi                 0x08000b65   Thumb Code     2  use_no_semi.o(.text)
    __semihosting_library_function           0x08000b67   Thumb Code     0  indicate_semi.o(.text)
    _btod_d2e                                0x08000b67   Thumb Code    62  btod.o(CL$$btod_d2e)
    _d2e_denorm_low                          0x08000ba5   Thumb Code    70  btod.o(CL$$btod_d2e_denorm_low)
    _d2e_norm_op1                            0x08000beb   Thumb Code    96  btod.o(CL$$btod_d2e_norm_op1)
    __btod_div_common                        0x08000c4b   Thumb Code   696  btod.o(CL$$btod_div_common)
    _e2e                                     0x08000f83   Thumb Code   220  btod.o(CL$$btod_e2e)
    _btod_ediv                               0x0800105f   Thumb Code    42  btod.o(CL$$btod_ediv)
    _btod_emul                               0x08001089   Thumb Code    42  btod.o(CL$$btod_emul)
    __btod_mult_common                       0x080010b3   Thumb Code   580  btod.o(CL$$btod_mult_common)
    LCD_ClearPage                            0x080012f7   Thumb Code    58  lcd.o(i.LCD_ClearPage)
    LCD_ClearScreen                          0x08001331   Thumb Code    40  lcd.o(i.LCD_ClearScreen)
    LCD_DataBusDirection                     0x08001359   Thumb Code    54  lcd.o(i.LCD_DataBusDirection)
    LCD_Enable                               0x08001399   Thumb Code   142  lcd.o(i.LCD_Enable)
    LCD_Init                                 0x08001439   Thumb Code   176  lcd.o(i.LCD_Init)
    LCD_PortCfg                              0x08001501   Thumb Code   298  lcd.o(i.LCD_PortCfg)
    LCD_PutImage                             0x08001641   Thumb Code   250  lcd.o(i.LCD_PutImage)
    LCD_PutString                            0x0800173b   Thumb Code    58  lcd.o(i.LCD_PutString)
    LCD_PutSymbol                            0x08001775   Thumb Code   232  lcd.o(i.LCD_PutSymbol)
    LCD_ReadStatus                           0x08001861   Thumb Code   162  lcd.o(i.LCD_ReadStatus)
    LCD_Reset                                0x0800191d   Thumb Code    96  lcd.o(i.LCD_Reset)
    LCD_SetAddress                           0x0800198d   Thumb Code   146  lcd.o(i.LCD_SetAddress)
    LCD_SetDataBits                          0x08001a31   Thumb Code    60  lcd.o(i.LCD_SetDataBits)
    LCD_SetPage                              0x08001a75   Thumb Code   146  lcd.o(i.LCD_SetPage)
    LCD_WriteData                            0x08001b19   Thumb Code   144  lcd.o(i.LCD_WriteData)
    RST_CLK_CPU_PLLcmd                       0x08001bb9   Thumb Code     6  mdr32f9qx_rst_clk.o(i.RST_CLK_CPU_PLLcmd)
    RST_CLK_CPU_PLLconfig                    0x08001bc5   Thumb Code    54  mdr32f9qx_rst_clk.o(i.RST_CLK_CPU_PLLconfig)
    RST_CLK_CPU_PLLstatus                    0x08001c05   Thumb Code    52  mdr32f9qx_rst_clk.o(i.RST_CLK_CPU_PLLstatus)
    RST_CLK_CPU_PLLuse                       0x08001c39   Thumb Code     6  mdr32f9qx_rst_clk.o(i.RST_CLK_CPU_PLLuse)
    RST_CLK_CPUclkPrescaler                  0x08001c45   Thumb Code    18  mdr32f9qx_rst_clk.o(i.RST_CLK_CPUclkPrescaler)
    RST_CLK_CPUclkSelection                  0x08001c5d   Thumb Code    16  mdr32f9qx_rst_clk.o(i.RST_CLK_CPUclkSelection)
    RST_CLK_GetFlagStatus                    0x08001c71   Thumb Code    42  mdr32f9qx_rst_clk.o(i.RST_CLK_GetFlagStatus)
    RST_CLK_HSEconfig                        0x08001ca5   Thumb Code    56  mdr32f9qx_rst_clk.o(i.RST_CLK_HSEconfig)
    RST_CLK_HSEstatus                        0x08001ce1   Thumb Code    52  mdr32f9qx_rst_clk.o(i.RST_CLK_HSEstatus)
    RST_CLK_PCLKcmd                          0x08001d15   Thumb Code    26  mdr32f9qx_rst_clk.o(i.RST_CLK_PCLKcmd)
    SystemCoreClockUpdate                    0x08001dcd   Thumb Code   130  system_mdr32f9qx.o(i.SystemCoreClockUpdate)
    SystemInit                               0x08001e5d   Thumb Code    54  system_mdr32f9qx.o(i.SystemInit)
    USB_BRGInit                              0x08001e9d   Thumb Code    54  mdr32f9qx_usb.o(i.USB_BRGInit)
    USB_CDC_ClassRequest                     0x08001ed9   Thumb Code   142  mdr32f9qx_usb_cdc.o(i.USB_CDC_ClassRequest)
    USB_CDC_GetDescriptor                    0x08001fb9   Thumb Code    86  mdr32f9qx_usb_cdc.o(i.USB_CDC_GetDescriptor)
    USB_CDC_GetLineCoding                    0x0800201d   Thumb Code    20  main.o(i.USB_CDC_GetLineCoding)
    USB_CDC_Init                             0x08002035   Thumb Code    38  mdr32f9qx_usb_cdc.o(i.USB_CDC_Init)
    USB_CDC_RecieveData                      0x080020b5   Thumb Code    16  main.o(i.USB_CDC_RecieveData)
    USB_CDC_Reset                            0x080020c5   Thumb Code    66  mdr32f9qx_usb_cdc.o(i.USB_CDC_Reset)
    USB_CDC_SendData                         0x08002111   Thumb Code    38  mdr32f9qx_usb_cdc.o(i.USB_CDC_SendData)
    USB_CDC_SetLineCoding                    0x08002141   Thumb Code    22  main.o(i.USB_CDC_SetLineCoding)
    USB_CDC_SetReceiveBuffer                 0x0800215d   Thumb Code    12  mdr32f9qx_usb_cdc.o(i.USB_CDC_SetReceiveBuffer)
    USB_DeviceClearFeature                   0x0800216d   Thumb Code    26  mdr32f9qx_usb_device.o(i.USB_DeviceClearFeature)
    USB_DeviceDispatchEvent                  0x08002189   Thumb Code   120  mdr32f9qx_usb_device.o(i.USB_DeviceDispatchEvent)
    USB_DeviceDoStatusOutAck                 0x0800220d   Thumb Code    22  mdr32f9qx_usb_device.o(i.USB_DeviceDoStatusOutAck)
    USB_DeviceInit                           0x08002225   Thumb Code    74  mdr32f9qx_usb_device.o(i.USB_DeviceInit)
    USB_DevicePowerOn                        0x0800227d   Thumb Code    18  mdr32f9qx_usb_device.o(i.USB_DevicePowerOn)
    USB_DeviceReset                          0x08002295   Thumb Code    10  mdr32f9qx_usb_device.o(i.USB_DeviceReset)
    USB_DeviceSetFeature                     0x080022a5   Thumb Code    28  mdr32f9qx_usb_device.o(i.USB_DeviceSetFeature)
    USB_DeviceSetupPacket                    0x080022c1   Thumb Code   596  mdr32f9qx_usb_device.o(i.USB_DeviceSetupPacket)
    USB_EP_Idle                              0x08002551   Thumb Code    60  mdr32f9qx_usb_device.o(i.USB_EP_Idle)
    USB_EP_Init                              0x08002591   Thumb Code    66  mdr32f9qx_usb_device.o(i.USB_EP_Init)
    USB_EP_Stall                             0x08002605   Thumb Code    64  mdr32f9qx_usb_device.o(i.USB_EP_Stall)
    USB_EP_dispatchEvent                     0x08002649   Thumb Code   586  mdr32f9qx_usb_device.o(i.USB_EP_dispatchEvent)
    USB_EP_doDataIn                          0x08002899   Thumb Code    72  mdr32f9qx_usb_device.o(i.USB_EP_doDataIn)
    USB_EP_doDataOut                         0x080028e5   Thumb Code    56  mdr32f9qx_usb_device.o(i.USB_EP_doDataOut)
    USB_EP_setSetupHandler                   0x0800299d   Thumb Code    58  mdr32f9qx_usb_device.o(i.USB_EP_setSetupHandler)
    USB_GetSEPxCTRL                          0x080029dd   Thumb Code    12  mdr32f9qx_usb.o(i.USB_GetSEPxCTRL)
    USB_GetSEPxRXFD                          0x080029ed   Thumb Code    12  mdr32f9qx_usb.o(i.USB_GetSEPxRXFD)
    USB_GetSEPxRXFDC                         0x080029fd   Thumb Code    12  mdr32f9qx_usb.o(i.USB_GetSEPxRXFDC)
    USB_GetSEPxSTS                           0x08002a0d   Thumb Code    12  mdr32f9qx_usb.o(i.USB_GetSEPxSTS)
    USB_GetSEPxTS                            0x08002a1d   Thumb Code    12  mdr32f9qx_usb.o(i.USB_GetSEPxTS)
    USB_GetSIS                               0x08002a2d   Thumb Code     6  mdr32f9qx_usb.o(i.USB_GetSIS)
    USB_IRQHandler                           0x08002a39   Thumb Code     8  mdr32f9qx_usb_device.o(i.USB_IRQHandler)
    USB_Reset                                0x08002a41   Thumb Code    30  mdr32f9qx_usb.o(i.USB_Reset)
    USB_SEPxToggleEPDATASEQ                  0x08002a61   Thumb Code    22  mdr32f9qx_usb.o(i.USB_SEPxToggleEPDATASEQ)
    USB_SetHSCR                              0x08002a7d   Thumb Code    24  mdr32f9qx_usb.o(i.USB_SetHSCR)
    USB_SetSA                                0x08002a9d   Thumb Code     6  mdr32f9qx_usb.o(i.USB_SetSA)
    USB_SetSC                                0x08002aa9   Thumb Code    24  mdr32f9qx_usb.o(i.USB_SetSC)
    USB_SetSEPxCTRL                          0x08002ac9   Thumb Code    34  mdr32f9qx_usb.o(i.USB_SetSEPxCTRL)
    USB_SetSEPxRXFC                          0x08002af5   Thumb Code    10  mdr32f9qx_usb.o(i.USB_SetSEPxRXFC)
    USB_SetSEPxTXFD                          0x08002b05   Thumb Code    10  mdr32f9qx_usb.o(i.USB_SetSEPxTXFD)
    USB_SetSEPxTXFDC                         0x08002b15   Thumb Code    10  mdr32f9qx_usb.o(i.USB_SetSEPxTXFDC)
    USB_SetSIM                               0x08002b25   Thumb Code    24  mdr32f9qx_usb.o(i.USB_SetSIM)
    USB_SetSIS                               0x08002b45   Thumb Code     6  mdr32f9qx_usb.o(i.USB_SetSIS)
    __ARM_fpclassify                         0x08002b69   Thumb Code    40  fpclassify.o(i.__ARM_fpclassify)
    _is_digit                                0x08002b91   Thumb Code    14  __printf_wp.o(i._is_digit)
    erosion                                  0x08002b9f   Thumb Code   214  image.o(i.erosion)
    image                                    0x08002c75   Thumb Code   276  main.o(i.image)
    main                                     0x08002dcd   Thumb Code    58  main.o(i.main)
    _get_lc_numeric                          0x08002e2d   Thumb Code    44  lc_numeric_c.o(locale$$code)
    __aeabi_ddiv                             0x08002e59   Thumb Code     0  ddiv.o(x$fpl$ddiv)
    _ddiv                                    0x08002e59   Thumb Code   552  ddiv.o(x$fpl$ddiv)
    __aeabi_i2d                              0x08003109   Thumb Code     0  dflt_clz.o(x$fpl$dflt)
    _dflt                                    0x08003109   Thumb Code    46  dflt_clz.o(x$fpl$dflt)
    __fpl_dnaninf                            0x08003137   Thumb Code   156  dnaninf.o(x$fpl$dnaninf)
    __fpl_dretinf                            0x080031d3   Thumb Code    12  dretinf.o(x$fpl$dretinf)
    _printf_fp_dec                           0x080031df   Thumb Code     4  printf1.o(x$fpl$printf1)
    __I$use$fp                               0x080031e2   Number         0  usenofp.o(x$fpl$usenofp)
    Region$$Table$$Base                      0x080038b4   Number         0  anon$$obj.o(Region$$Table)
    Region$$Table$$Limit                     0x080038d4   Number         0  anon$$obj.o(Region$$Table)
    USB_Clock_InitStruct                     0x20000004   Data           8  main.o(.data)
    SystemCoreClock                          0x20000014   Data           4  system_mdr32f9qx.o(.data)
    USB_CurrentSetupPacket                   0x20000078   Data           8  mdr32f9qx_usb_device.o(.data)
    USB_DeviceBUSParam                       0x20002ad0   Data          12  main.o(.bss)
    USB_EPContext                            0x20002b38   Data         176  mdr32f9qx_usb_device.o(.bss)
    USB_DeviceContext                        0x20002be8   Data          12  mdr32f9qx_usb_device.o(.bss)
    __libspace_start                         0x20002bf4   Data          96  libspace.o(.bss)
    __temporary_stack_top$libspace           0x20002c54   Data           0  libspace.o(.bss)



==============================================================================

Memory Map of the image

  Image Entry point : 0x080000c1

  Load Region LR_IROM1 (Base: 0x08000000, Size: 0x00003978, Max: 0x00020000, ABSOLUTE)

    Execution Region ER_IROM1 (Exec base: 0x08000000, Load base: 0x08000000, Size: 0x000038f0, Max: 0x00020000, ABSOLUTE)

    Exec Addr    Load Addr    Size         Type   Attr      Idx    E Section Name        Object

    0x08000000   0x08000000   0x000000c0   Data   RO          312    RESET               startup_mdr32f9qx.o
    0x080000c0   0x080000c0   0x00000008   Code   RO         1327  * !!!main             c_w.l(__main.o)
    0x080000c8   0x080000c8   0x00000034   Code   RO         1676    !!!scatter          c_w.l(__scatter.o)
    0x080000fc   0x080000fc   0x0000001a   Code   RO         1678    !!handler_copy      c_w.l(__scatter_copy.o)
    0x08000116   0x08000116   0x00000002   PAD
    0x08000118   0x08000118   0x0000001c   Code   RO         1680    !!handler_zi        c_w.l(__scatter_zi.o)
    0x08000134   0x08000134   0x00000000   Code   RO         1322    .ARM.Collect$$_printf_percent$$00000000  c_w.l(_printf_percent.o)
    0x08000134   0x08000134   0x00000006   Code   RO         1321    .ARM.Collect$$_printf_percent$$00000003  c_w.l(_printf_f.o)
    0x0800013a   0x0800013a   0x00000006   Code   RO         1320    .ARM.Collect$$_printf_percent$$00000009  c_w.l(_printf_d.o)
    0x08000140   0x08000140   0x00000004   Code   RO         1416    .ARM.Collect$$_printf_percent$$00000017  c_w.l(_printf_percent_end.o)
    0x08000144   0x08000144   0x00000002   Code   RO         1543    .ARM.Collect$$libinit$$00000000  c_w.l(libinit.o)
    0x08000146   0x08000146   0x00000000   Code   RO         1545    .ARM.Collect$$libinit$$00000002  c_w.l(libinit2.o)
    0x08000146   0x08000146   0x00000000   Code   RO         1547    .ARM.Collect$$libinit$$00000004  c_w.l(libinit2.o)
    0x08000146   0x08000146   0x00000000   Code   RO         1550    .ARM.Collect$$libinit$$0000000A  c_w.l(libinit2.o)
    0x08000146   0x08000146   0x00000000   Code   RO         1552    .ARM.Collect$$libinit$$0000000C  c_w.l(libinit2.o)
    0x08000146   0x08000146   0x00000000   Code   RO         1554    .ARM.Collect$$libinit$$0000000E  c_w.l(libinit2.o)
    0x08000146   0x08000146   0x00000006   Code   RO         1555    .ARM.Collect$$libinit$$0000000F  c_w.l(libinit2.o)
    0x0800014c   0x0800014c   0x00000000   Code   RO         1557    .ARM.Collect$$libinit$$00000011  c_w.l(libinit2.o)
    0x0800014c   0x0800014c   0x00000000   Code   RO         1559    .ARM.Collect$$libinit$$00000013  c_w.l(libinit2.o)
    0x0800014c   0x0800014c   0x00000000   Code   RO         1561    .ARM.Collect$$libinit$$00000015  c_w.l(libinit2.o)
    0x0800014c   0x0800014c   0x0000000a   Code   RO         1562    .ARM.Collect$$libinit$$00000016  c_w.l(libinit2.o)
    0x08000156   0x08000156   0x00000000   Code   RO         1563    .ARM.Collect$$libinit$$00000017  c_w.l(libinit2.o)
    0x08000156   0x08000156   0x00000000   Code   RO         1565    .ARM.Collect$$libinit$$00000019  c_w.l(libinit2.o)
    0x08000156   0x08000156   0x00000000   Code   RO         1567    .ARM.Collect$$libinit$$0000001B  c_w.l(libinit2.o)
    0x08000156   0x08000156   0x00000000   Code   RO         1569    .ARM.Collect$$libinit$$0000001D  c_w.l(libinit2.o)
    0x08000156   0x08000156   0x00000000   Code   RO         1571    .ARM.Collect$$libinit$$0000001F  c_w.l(libinit2.o)
    0x08000156   0x08000156   0x00000000   Code   RO         1573    .ARM.Collect$$libinit$$00000021  c_w.l(libinit2.o)
    0x08000156   0x08000156   0x00000000   Code   RO         1575    .ARM.Collect$$libinit$$00000023  c_w.l(libinit2.o)
    0x08000156   0x08000156   0x00000000   Code   RO         1577    .ARM.Collect$$libinit$$00000025  c_w.l(libinit2.o)
    0x08000156   0x08000156   0x00000000   Code   RO         1581    .ARM.Collect$$libinit$$0000002C  c_w.l(libinit2.o)
    0x08000156   0x08000156   0x00000000   Code   RO         1583    .ARM.Collect$$libinit$$0000002E  c_w.l(libinit2.o)
    0x08000156   0x08000156   0x00000000   Code   RO         1585    .ARM.Collect$$libinit$$00000030  c_w.l(libinit2.o)
    0x08000156   0x08000156   0x00000000   Code   RO         1587    .ARM.Collect$$libinit$$00000032  c_w.l(libinit2.o)
    0x08000156   0x08000156   0x00000002   Code   RO         1588    .ARM.Collect$$libinit$$00000033  c_w.l(libinit2.o)
    0x08000158   0x08000158   0x00000002   Code   RO         1624    .ARM.Collect$$libshutdown$$00000000  c_w.l(libshutdown.o)
    0x0800015a   0x0800015a   0x00000000   Code   RO         1635    .ARM.Collect$$libshutdown$$00000002  c_w.l(libshutdown2.o)
    0x0800015a   0x0800015a   0x00000000   Code   RO         1637    .ARM.Collect$$libshutdown$$00000004  c_w.l(libshutdown2.o)
    0x0800015a   0x0800015a   0x00000000   Code   RO         1640    .ARM.Collect$$libshutdown$$00000007  c_w.l(libshutdown2.o)
    0x0800015a   0x0800015a   0x00000000   Code   RO         1643    .ARM.Collect$$libshutdown$$0000000A  c_w.l(libshutdown2.o)
    0x0800015a   0x0800015a   0x00000000   Code   RO         1645    .ARM.Collect$$libshutdown$$0000000C  c_w.l(libshutdown2.o)
    0x0800015a   0x0800015a   0x00000000   Code   RO         1648    .ARM.Collect$$libshutdown$$0000000F  c_w.l(libshutdown2.o)
    0x0800015a   0x0800015a   0x00000002   Code   RO         1649    .ARM.Collect$$libshutdown$$00000010  c_w.l(libshutdown2.o)
    0x0800015c   0x0800015c   0x00000000   Code   RO         1405    .ARM.Collect$$rtentry$$00000000  c_w.l(__rtentry.o)
    0x0800015c   0x0800015c   0x00000000   Code   RO         1461    .ARM.Collect$$rtentry$$00000002  c_w.l(__rtentry2.o)
    0x0800015c   0x0800015c   0x00000006   Code   RO         1473    .ARM.Collect$$rtentry$$00000004  c_w.l(__rtentry4.o)
    0x08000162   0x08000162   0x00000000   Code   RO         1463    .ARM.Collect$$rtentry$$00000009  c_w.l(__rtentry2.o)
    0x08000162   0x08000162   0x00000004   Code   RO         1464    .ARM.Collect$$rtentry$$0000000A  c_w.l(__rtentry2.o)
    0x08000166   0x08000166   0x00000000   Code   RO         1466    .ARM.Collect$$rtentry$$0000000C  c_w.l(__rtentry2.o)
    0x08000166   0x08000166   0x00000008   Code   RO         1467    .ARM.Collect$$rtentry$$0000000D  c_w.l(__rtentry2.o)
    0x0800016e   0x0800016e   0x00000002   Code   RO         1591    .ARM.Collect$$rtexit$$00000000  c_w.l(rtexit.o)
    0x08000170   0x08000170   0x00000000   Code   RO         1600    .ARM.Collect$$rtexit$$00000002  c_w.l(rtexit2.o)
    0x08000170   0x08000170   0x00000004   Code   RO         1601    .ARM.Collect$$rtexit$$00000003  c_w.l(rtexit2.o)
    0x08000174   0x08000174   0x00000006   Code   RO         1602    .ARM.Collect$$rtexit$$00000004  c_w.l(rtexit2.o)
    0x0800017a   0x0800017a   0x00000002   PAD
    0x0800017c   0x0800017c   0x00000040   Code   RO          313    .text               startup_mdr32f9qx.o
    0x080001bc   0x080001bc   0x00000028   Code   RO         1294    .text               c_w.l(noretval__2sprintf.o)
    0x080001e4   0x080001e4   0x00000078   Code   RO         1298    .text               c_w.l(_printf_dec.o)
    0x0800025c   0x0800025c   0x0000010e   Code   RO         1308    .text               c_w.l(__printf_wp.o)
    0x0800036a   0x0800036a   0x00000006   Code   RO         1325    .text               c_w.l(heapauxi.o)
    0x08000370   0x08000370   0x000000b2   Code   RO         1408    .text               c_w.l(_printf_intcommon.o)
    0x08000422   0x08000422   0x0000041e   Code   RO         1410    .text               c_w.l(_printf_fp_dec.o)
    0x08000840   0x08000840   0x00000030   Code   RO         1412    .text               c_w.l(_printf_char_common.o)
    0x08000870   0x08000870   0x0000000a   Code   RO         1414    .text               c_w.l(_sputc.o)
    0x0800087a   0x0800087a   0x00000002   PAD
    0x0800087c   0x0800087c   0x00000008   Code   RO         1478    .text               c_w.l(rt_locale_intlibspace.o)
    0x08000884   0x08000884   0x0000008a   Code   RO         1485    .text               c_w.l(lludiv10.o)
    0x0800090e   0x0800090e   0x00000002   PAD
    0x08000910   0x08000910   0x00000080   Code   RO         1487    .text               c_w.l(_printf_fp_infnan.o)
    0x08000990   0x08000990   0x000000e4   Code   RO         1491    .text               c_w.l(bigflt0.o)
    0x08000a74   0x08000a74   0x00000008   Code   RO         1529    .text               c_w.l(libspace.o)
    0x08000a7c   0x08000a7c   0x0000004a   Code   RO         1532    .text               c_w.l(sys_stackheap_outer.o)
    0x08000ac6   0x08000ac6   0x00000012   Code   RO         1534    .text               c_w.l(exit.o)
    0x08000ad8   0x08000ad8   0x00000080   Code   RO         1536    .text               c_w.l(strcmpv7m.o)
    0x08000b58   0x08000b58   0x0000000c   Code   RO         1614    .text               c_w.l(sys_exit.o)
    0x08000b64   0x08000b64   0x00000002   Code   RO         1625    .text               c_w.l(use_no_semi.o)
    0x08000b66   0x08000b66   0x00000000   Code   RO         1627    .text               c_w.l(indicate_semi.o)
    0x08000b66   0x08000b66   0x0000003e   Code   RO         1494    CL$$btod_d2e        c_w.l(btod.o)
    0x08000ba4   0x08000ba4   0x00000046   Code   RO         1496    CL$$btod_d2e_denorm_low  c_w.l(btod.o)
    0x08000bea   0x08000bea   0x00000060   Code   RO         1495    CL$$btod_d2e_norm_op1  c_w.l(btod.o)
    0x08000c4a   0x08000c4a   0x00000338   Code   RO         1504    CL$$btod_div_common  c_w.l(btod.o)
    0x08000f82   0x08000f82   0x000000dc   Code   RO         1501    CL$$btod_e2e        c_w.l(btod.o)
    0x0800105e   0x0800105e   0x0000002a   Code   RO         1498    CL$$btod_ediv       c_w.l(btod.o)
    0x08001088   0x08001088   0x0000002a   Code   RO         1497    CL$$btod_emul       c_w.l(btod.o)
    0x080010b2   0x080010b2   0x00000244   Code   RO         1503    CL$$btod_mult_common  c_w.l(btod.o)
    0x080012f6   0x080012f6   0x0000003a   Code   RO          172    i.LCD_ClearPage     lcd.o
    0x08001330   0x08001330   0x00000028   Code   RO          173    i.LCD_ClearScreen   lcd.o
    0x08001358   0x08001358   0x00000040   Code   RO          175    i.LCD_DataBusDirection  lcd.o
    0x08001398   0x08001398   0x000000a0   Code   RO          177    i.LCD_Enable        lcd.o
    0x08001438   0x08001438   0x000000c8   Code   RO          178    i.LCD_Init          lcd.o
    0x08001500   0x08001500   0x00000140   Code   RO          179    i.LCD_PortCfg       lcd.o
    0x08001640   0x08001640   0x000000fa   Code   RO          180    i.LCD_PutImage      lcd.o
    0x0800173a   0x0800173a   0x0000003a   Code   RO          181    i.LCD_PutString     lcd.o
    0x08001774   0x08001774   0x000000ec   Code   RO          182    i.LCD_PutSymbol     lcd.o
    0x08001860   0x08001860   0x000000bc   Code   RO          184    i.LCD_ReadStatus    lcd.o
    0x0800191c   0x0800191c   0x00000070   Code   RO          185    i.LCD_Reset         lcd.o
    0x0800198c   0x0800198c   0x000000a4   Code   RO          187    i.LCD_SetAddress    lcd.o
    0x08001a30   0x08001a30   0x00000044   Code   RO          188    i.LCD_SetDataBits   lcd.o
    0x08001a74   0x08001a74   0x000000a4   Code   RO          189    i.LCD_SetPage       lcd.o
    0x08001b18   0x08001b18   0x000000a0   Code   RO          190    i.LCD_WriteData     lcd.o
    0x08001bb8   0x08001bb8   0x0000000c   Code   RO          358    i.RST_CLK_CPU_PLLcmd  mdr32f9qx_rst_clk.o
    0x08001bc4   0x08001bc4   0x00000040   Code   RO          359    i.RST_CLK_CPU_PLLconfig  mdr32f9qx_rst_clk.o
    0x08001c04   0x08001c04   0x00000034   Code   RO          360    i.RST_CLK_CPU_PLLstatus  mdr32f9qx_rst_clk.o
    0x08001c38   0x08001c38   0x0000000c   Code   RO          361    i.RST_CLK_CPU_PLLuse  mdr32f9qx_rst_clk.o
    0x08001c44   0x08001c44   0x00000018   Code   RO          362    i.RST_CLK_CPUclkPrescaler  mdr32f9qx_rst_clk.o
    0x08001c5c   0x08001c5c   0x00000014   Code   RO          363    i.RST_CLK_CPUclkSelection  mdr32f9qx_rst_clk.o
    0x08001c70   0x08001c70   0x00000034   Code   RO          366    i.RST_CLK_GetFlagStatus  mdr32f9qx_rst_clk.o
    0x08001ca4   0x08001ca4   0x0000003c   Code   RO          368    i.RST_CLK_HSEconfig  mdr32f9qx_rst_clk.o
    0x08001ce0   0x08001ce0   0x00000034   Code   RO          369    i.RST_CLK_HSEstatus  mdr32f9qx_rst_clk.o
    0x08001d14   0x08001d14   0x00000020   Code   RO          379    i.RST_CLK_PCLKcmd   mdr32f9qx_rst_clk.o
    0x08001d34   0x08001d34   0x00000044   Code   RO            3    i.Setup_CPU_Clock   main.o
    0x08001d78   0x08001d78   0x00000054   Code   RO            4    i.Setup_USB         main.o
    0x08001dcc   0x08001dcc   0x00000090   Code   RO          319    i.SystemCoreClockUpdate  system_mdr32f9qx.o
    0x08001e5c   0x08001e5c   0x00000040   Code   RO          320    i.SystemInit        system_mdr32f9qx.o
    0x08001e9c   0x08001e9c   0x0000003c   Code   RO          573    i.USB_BRGInit       mdr32f9qx_usb.o
    0x08001ed8   0x08001ed8   0x000000a0   Code   RO          947    i.USB_CDC_ClassRequest  mdr32f9qx_usb_cdc.o
    0x08001f78   0x08001f78   0x00000040   Code   RO          948    i.USB_CDC_DoDataOut  mdr32f9qx_usb_cdc.o
    0x08001fb8   0x08001fb8   0x00000064   Code   RO          953    i.USB_CDC_GetDescriptor  mdr32f9qx_usb_cdc.o
    0x0800201c   0x0800201c   0x00000018   Code   RO            5    i.USB_CDC_GetLineCoding  main.o
    0x08002034   0x08002034   0x0000002c   Code   RO          954    i.USB_CDC_Init      mdr32f9qx_usb_cdc.o
    0x08002060   0x08002060   0x00000044   Code   RO          955    i.USB_CDC_OnDataReceive  mdr32f9qx_usb_cdc.o
    0x080020a4   0x080020a4   0x00000010   Code   RO          956    i.USB_CDC_OnDataSent  mdr32f9qx_usb_cdc.o
    0x080020b4   0x080020b4   0x00000010   Code   RO            6    i.USB_CDC_RecieveData  main.o
    0x080020c4   0x080020c4   0x0000004c   Code   RO          959    i.USB_CDC_Reset     mdr32f9qx_usb_cdc.o
    0x08002110   0x08002110   0x00000030   Code   RO          960    i.USB_CDC_SendData  mdr32f9qx_usb_cdc.o
    0x08002140   0x08002140   0x0000001c   Code   RO            7    i.USB_CDC_SetLineCoding  main.o
    0x0800215c   0x0800215c   0x00000010   Code   RO          961    i.USB_CDC_SetReceiveBuffer  mdr32f9qx_usb_cdc.o
    0x0800216c   0x0800216c   0x0000001a   Code   RO         1051    i.USB_DeviceClearFeature  mdr32f9qx_usb_device.o
    0x08002186   0x08002186   0x00000002   PAD
    0x08002188   0x08002188   0x00000084   Code   RO         1052    i.USB_DeviceDispatchEvent  mdr32f9qx_usb_device.o
    0x0800220c   0x0800220c   0x00000016   Code   RO         1054    i.USB_DeviceDoStatusOutAck  mdr32f9qx_usb_device.o
    0x08002222   0x08002222   0x00000002   PAD
    0x08002224   0x08002224   0x00000058   Code   RO         1067    i.USB_DeviceInit    mdr32f9qx_usb_device.o
    0x0800227c   0x0800227c   0x00000018   Code   RO         1069    i.USB_DevicePowerOn  mdr32f9qx_usb_device.o
    0x08002294   0x08002294   0x00000010   Code   RO         1070    i.USB_DeviceReset   mdr32f9qx_usb_device.o
    0x080022a4   0x080022a4   0x0000001c   Code   RO         1072    i.USB_DeviceSetFeature  mdr32f9qx_usb_device.o
    0x080022c0   0x080022c0   0x00000268   Code   RO         1073    i.USB_DeviceSetupPacket  mdr32f9qx_usb_device.o
    0x08002528   0x08002528   0x00000028   Code   RO         1075    i.USB_Device_setAddressWork  mdr32f9qx_usb_device.o
    0x08002550   0x08002550   0x00000040   Code   RO         1076    i.USB_EP_Idle       mdr32f9qx_usb_device.o
    0x08002590   0x08002590   0x00000048   Code   RO         1077    i.USB_EP_Init       mdr32f9qx_usb_device.o
    0x080025d8   0x080025d8   0x0000002c   Code   RO         1079    i.USB_EP_SetReady   mdr32f9qx_usb_device.o
    0x08002604   0x08002604   0x00000044   Code   RO         1080    i.USB_EP_Stall      mdr32f9qx_usb_device.o
    0x08002648   0x08002648   0x00000250   Code   RO         1081    i.USB_EP_dispatchEvent  mdr32f9qx_usb_device.o
    0x08002898   0x08002898   0x0000004c   Code   RO         1082    i.USB_EP_doDataIn   mdr32f9qx_usb_device.o
    0x080028e4   0x080028e4   0x0000003c   Code   RO         1083    i.USB_EP_doDataOut  mdr32f9qx_usb_device.o
    0x08002920   0x08002920   0x0000007c   Code   RO         1084    i.USB_EP_sendInDataPortion  mdr32f9qx_usb_device.o
    0x0800299c   0x0800299c   0x00000040   Code   RO         1085    i.USB_EP_setSetupHandler  mdr32f9qx_usb_device.o
    0x080029dc   0x080029dc   0x00000010   Code   RO          598    i.USB_GetSEPxCTRL   mdr32f9qx_usb.o
    0x080029ec   0x080029ec   0x00000010   Code   RO          601    i.USB_GetSEPxRXFD   mdr32f9qx_usb.o
    0x080029fc   0x080029fc   0x00000010   Code   RO          602    i.USB_GetSEPxRXFDC  mdr32f9qx_usb.o
    0x08002a0c   0x08002a0c   0x00000010   Code   RO          603    i.USB_GetSEPxSTS    mdr32f9qx_usb.o
    0x08002a1c   0x08002a1c   0x00000010   Code   RO          604    i.USB_GetSEPxTS     mdr32f9qx_usb.o
    0x08002a2c   0x08002a2c   0x0000000c   Code   RO          609    i.USB_GetSIS        mdr32f9qx_usb.o
    0x08002a38   0x08002a38   0x00000008   Code   RO         1086    i.USB_IRQHandler    mdr32f9qx_usb_device.o
    0x08002a40   0x08002a40   0x0000001e   Code   RO          611    i.USB_Reset         mdr32f9qx_usb.o
    0x08002a5e   0x08002a5e   0x00000002   PAD
    0x08002a60   0x08002a60   0x0000001c   Code   RO          612    i.USB_SEPxToggleEPDATASEQ  mdr32f9qx_usb.o
    0x08002a7c   0x08002a7c   0x00000020   Code   RO          616    i.USB_SetHSCR       mdr32f9qx_usb.o
    0x08002a9c   0x08002a9c   0x0000000c   Code   RO          625    i.USB_SetSA         mdr32f9qx_usb.o
    0x08002aa8   0x08002aa8   0x00000020   Code   RO          626    i.USB_SetSC         mdr32f9qx_usb.o
    0x08002ac8   0x08002ac8   0x0000002c   Code   RO          627    i.USB_SetSEPxCTRL   mdr32f9qx_usb.o
    0x08002af4   0x08002af4   0x00000010   Code   RO          628    i.USB_SetSEPxRXFC   mdr32f9qx_usb.o
    0x08002b04   0x08002b04   0x00000010   Code   RO          629    i.USB_SetSEPxTXFD   mdr32f9qx_usb.o
    0x08002b14   0x08002b14   0x00000010   Code   RO          630    i.USB_SetSEPxTXFDC  mdr32f9qx_usb.o
    0x08002b24   0x08002b24   0x00000020   Code   RO          631    i.USB_SetSIM        mdr32f9qx_usb.o
    0x08002b44   0x08002b44   0x0000000c   Code   RO          632    i.USB_SetSIS        mdr32f9qx_usb.o
    0x08002b50   0x08002b50   0x00000018   Code   RO            8    i.VCom_Configuration  main.o
    0x08002b68   0x08002b68   0x00000028   Code   RO         1525    i.__ARM_fpclassify  m_ws.l(fpclassify.o)
    0x08002b90   0x08002b90   0x0000000e   Code   RO         1310    i._is_digit         c_w.l(__printf_wp.o)
    0x08002b9e   0x08002b9e   0x000000d6   Code   RO          138    i.erosion           image.o
    0x08002c74   0x08002c74   0x00000158   Code   RO            9    i.image             main.o
    0x08002dcc   0x08002dcc   0x00000060   Code   RO           10    i.main              main.o
    0x08002e2c   0x08002e2c   0x0000002c   Code   RO         1517    locale$$code        c_w.l(lc_numeric_c.o)
    0x08002e58   0x08002e58   0x000002b0   Code   RO         1338    x$fpl$ddiv          fz_ws.l(ddiv.o)
    0x08003108   0x08003108   0x0000002e   Code   RO         1346    x$fpl$dflt          fz_ws.l(dflt_clz.o)
    0x08003136   0x08003136   0x0000009c   Code   RO         1419    x$fpl$dnaninf       fz_ws.l(dnaninf.o)
    0x080031d2   0x080031d2   0x0000000c   Code   RO         1421    x$fpl$dretinf       fz_ws.l(dretinf.o)
    0x080031de   0x080031de   0x00000004   Code   RO         1379    x$fpl$printf1       fz_ws.l(printf1.o)
    0x080031e2   0x080031e2   0x00000000   Code   RO         1431    x$fpl$usenofp       fz_ws.l(usenofp.o)
    0x080031e2   0x080031e2   0x0000063c   Data   RO          191    .constdata          lcd.o
    0x0800381e   0x0800381e   0x00000002   PAD
    0x08003820   0x08003820   0x00000094   Data   RO         1492    .constdata          c_w.l(bigflt0.o)
    0x080038b4   0x080038b4   0x00000020   Data   RO         1674    Region$$Table       anon$$obj.o
    0x080038d4   0x080038d4   0x0000001c   Data   RO         1516    locale$$data        c_w.l(lc_numeric_c.o)


    Execution Region RW_IRAM1 (Exec base: 0x20000000, Load base: 0x080038f0, Size: 0x00003258, Max: 0x00008000, ABSOLUTE)

    Exec Addr    Load Addr    Size         Type   Attr      Idx    E Section Name        Object

    0x20000000   0x080038f0   0x00000014   Data   RW           13    .data               main.o
    0x20000014   0x08003904   0x00000004   Data   RW          321    .data               system_mdr32f9qx.o
    0x20000018   0x08003908   0x00000060   Data   RW          963    .data               mdr32f9qx_usb_cdc.o
    0x20000078   0x08003968   0x00000010   Data   RW         1088    .data               mdr32f9qx_usb_device.o
    0x20000088        -       0x00002aa4   Zero   RW           11    .bss                main.o
    0x20002b2c        -       0x0000000c   Zero   RW          962    .bss                mdr32f9qx_usb_cdc.o
    0x20002b38        -       0x000000bc   Zero   RW         1087    .bss                mdr32f9qx_usb_device.o
    0x20002bf4        -       0x00000060   Zero   RW         1530    .bss                c_w.l(libspace.o)
    0x20002c54   0x08003978   0x00000004   PAD
    0x20002c58        -       0x00000200   Zero   RW          311    HEAP                startup_mdr32f9qx.o
    0x20002e58        -       0x00000400   Zero   RW          310    STACK               startup_mdr32f9qx.o


==============================================================================

Image component sizes


      Code (inc. data)   RO Data    RW Data    ZI Data      Debug   Object Name

       214          0          0          0          0       1146   image.o
      2242        180       1596          0          0       9432   lcd.o
       684        128          0         20      10916     113785   main.o
       380         52          0          0          0       9324   mdr32f9qx_rst_clk.o
       422        102          0          0          0      11502   mdr32f9qx_usb.o
       592         80          0         96         12       8128   mdr32f9qx_usb_cdc.o
      2164        124          0         16        188      44761   mdr32f9qx_usb_device.o
        64         26        192          0       1536        788   startup_mdr32f9qx.o
       208         24          0          4          0       1315   system_mdr32f9qx.o

    ----------------------------------------------------------------------
      6976        716       1822        136      12652     200181   Object Totals
         0          0         32          0          0          0   (incl. Generated)
         6          0          2          0          0          0   (incl. Padding)

    ----------------------------------------------------------------------

      Code (inc. data)   RO Data    RW Data    ZI Data      Debug   Library Member Name

         8          0          0          0          0         68   __main.o
       284          0          0          0          0        156   __printf_wp.o
         0          0          0          0          0          0   __rtentry.o
        12          0          0          0          0          0   __rtentry2.o
         6          0          0          0          0          0   __rtentry4.o
        52          8          0          0          0          0   __scatter.o
        26          0          0          0          0          0   __scatter_copy.o
        28          0          0          0          0          0   __scatter_zi.o
        48          6          0          0          0         96   _printf_char_common.o
         6          0          0          0          0          0   _printf_d.o
       120         16          0          0          0         92   _printf_dec.o
         6          0          0          0          0          0   _printf_f.o
      1054          0          0          0          0        216   _printf_fp_dec.o
       128         16          0          0          0         84   _printf_fp_infnan.o
       178          0          0          0          0         88   _printf_intcommon.o
         0          0          0          0          0          0   _printf_percent.o
         4          0          0          0          0          0   _printf_percent_end.o
        10          0          0          0          0         68   _sputc.o
       228          4        148          0          0         96   bigflt0.o
      1936        128          0          0          0        672   btod.o
        18          0          0          0          0         80   exit.o
         6          0          0          0          0        152   heapauxi.o
         0          0          0          0          0          0   indicate_semi.o
        44         10         28          0          0         76   lc_numeric_c.o
         2          0          0          0          0          0   libinit.o
        18          0          0          0          0          0   libinit2.o
         2          0          0          0          0          0   libshutdown.o
         2          0          0          0          0          0   libshutdown2.o
         8          4          0          0         96         68   libspace.o
       138          0          0          0          0         80   lludiv10.o
        40          6          0          0          0         84   noretval__2sprintf.o
         8          4          0          0          0         68   rt_locale_intlibspace.o
         2          0          0          0          0          0   rtexit.o
        10          0          0          0          0          0   rtexit2.o
       128          0          0          0          0         68   strcmpv7m.o
        12          4          0          0          0         68   sys_exit.o
        74          0          0          0          0         80   sys_stackheap_outer.o
         2          0          0          0          0         68   use_no_semi.o
       688        140          0          0          0        208   ddiv.o
        46          0          0          0          0         68   dflt_clz.o
       156          4          0          0          0         92   dnaninf.o
        12          0          0          0          0         68   dretinf.o
         4          0          0          0          0         68   printf1.o
         0          0          0          0          0          0   usenofp.o
        40          0          0          0          0         68   fpclassify.o

    ----------------------------------------------------------------------
      5602        350        176          0        100       3100   Library Totals
         8          0          0          0          4          0   (incl. Padding)

    ----------------------------------------------------------------------

      Code (inc. data)   RO Data    RW Data    ZI Data      Debug   Library Name

      4648        206        176          0         96       2528   c_w.l
       906        144          0          0          0        504   fz_ws.l
        40          0          0          0          0         68   m_ws.l

    ----------------------------------------------------------------------
      5602        350        176          0        100       3100   Library Totals

    ----------------------------------------------------------------------

==============================================================================


      Code (inc. data)   RO Data    RW Data    ZI Data      Debug   

     12578       1066       1998        136      12752     197557   Grand Totals
     12578       1066       1998        136      12752     197557   ELF Image Totals
     12578       1066       1998        136          0          0   ROM Totals

==============================================================================

    Total RO  Size (Code + RO Data)                14576 (  14.23kB)
    Total RW  Size (RW Data + ZI Data)             12888 (  12.59kB)
    Total ROM Size (Code + RO Data + RW Data)      14712 (  14.37kB)

==============================================================================

